Wed Oct 26 21:46:23 2022 - INFO  - Start executing testcase.
anaconda
audit
boot.log
boot.log-20221014
boot.log-20221018
btmp
chrony
cron
cups
dnf.librepo.log
dnf.log
dnf.rpm.log
firewalld
glusterfs
hawkey.log
kdump.log
lastlog
libvirt
maillog
messages
private
qemu-ga
samba
secure
speech-dispatcher
spooler
sssd
swtpm
tuned
wtmp
Xorg.9.log
Oct 13 20:38:47 localhost kernel: Linux version 4.19.91-26.an8.x86_64 (mockbuild@anolis-build-01.openanolis.cn) (gcc version 8.5.0 20210514 (Anolis 8.5.0-10.0.1) (GCC)) #1 SMP Tue May 24 13:10:09 CST 2022
Oct 13 20:38:47 localhost kernel: Command line: BOOT_IMAGE=(hd0,msdos1)/vmlinuz-4.19.91-26.an8.x86_64 root=/dev/mapper/ao-root ro crashkernel=auto resume=/dev/mapper/ao-swap rd.lvm.lv=ao/root rd.lvm.lv=ao/swap rhgb quiet crashkernel=0M-2G:0M,2G-8G:192M,8G-:256M
Oct 13 20:38:47 localhost kernel: KERNEL supported cpus:
Oct 13 20:38:47 localhost kernel:  Intel GenuineIntel
Oct 13 20:38:47 localhost kernel:  AMD AuthenticAMD
Oct 13 20:38:47 localhost kernel:  Hygon HygonGenuine
Oct 13 20:38:47 localhost kernel:  Centaur CentaurHauls
Oct 13 20:38:47 localhost kernel:  zhaoxin   Shanghai  
Oct 13 20:38:47 localhost kernel: x86/fpu: Supporting XSAVE feature 0x001: 'x87 floating point registers'
Oct 13 20:38:47 localhost kernel: x86/fpu: Supporting XSAVE feature 0x002: 'SSE registers'
Oct 13 20:38:47 localhost kernel: x86/fpu: Supporting XSAVE feature 0x004: 'AVX registers'
Oct 13 20:38:47 localhost kernel: x86/fpu: xstate_offset[2]:  576, xstate_sizes[2]:  256
Oct 13 20:38:47 localhost kernel: x86/fpu: Enabled xstate features 0x7, context size is 832 bytes, using 'standard' format.
Oct 13 20:38:47 localhost kernel: BIOS-provided physical RAM map:
Oct 13 20:38:47 localhost kernel: BIOS-e820: [mem 0x0000000000000000-0x000000000009fbff] usable
Oct 13 20:38:47 localhost kernel: BIOS-e820: [mem 0x000000000009fc00-0x000000000009ffff] reserved
Oct 13 20:38:47 localhost kernel: BIOS-e820: [mem 0x00000000000f0000-0x00000000000fffff] reserved
Oct 13 20:38:47 localhost kernel: BIOS-e820: [mem 0x0000000000100000-0x00000000dffeffff] usable
Oct 13 20:38:47 localhost kernel: BIOS-e820: [mem 0x00000000dfff0000-0x00000000dfffffff] ACPI data
Oct 13 20:38:47 localhost kernel: BIOS-e820: [mem 0x00000000fec00000-0x00000000fec00fff] reserved
Oct 13 20:38:47 localhost kernel: BIOS-e820: [mem 0x00000000fee00000-0x00000000fee00fff] reserved
Oct 13 20:38:47 localhost kernel: BIOS-e820: [mem 0x00000000fffc0000-0x00000000ffffffff] reserved
Oct 13 20:38:47 localhost kernel: BIOS-e820: [mem 0x0000000100000000-0x000000021fffffff] usable
Oct 13 20:38:47 localhost kernel: NX (Execute Disable) protection: active
Oct 13 20:38:47 localhost kernel: SMBIOS 2.5 present.
Oct 13 20:38:47 localhost kernel: DMI: innotek GmbH VirtualBox/VirtualBox, BIOS VirtualBox 12/01/2006
Oct 13 20:38:47 localhost kernel: Hypervisor detected: KVM
Oct 13 20:38:47 localhost kernel: kvm-clock: Using msrs 4b564d01 and 4b564d00
Oct 13 20:38:47 localhost kernel: kvm-clock: cpu 0, msr 9a601001, primary cpu clock
Oct 13 20:38:47 localhost kernel: kvm-clock: using sched offset of 9850428998 cycles
Oct 13 20:38:47 localhost kernel: clocksource: kvm-clock: mask: 0xffffffffffffffff max_cycles: 0x1cd42e4dffb, max_idle_ns: 881590591483 ns
Oct 13 20:38:47 localhost kernel: tsc: Detected 2903.996 MHz processor
Oct 13 20:38:47 localhost kernel: last_pfn = 0x220000 max_arch_pfn = 0x400000000
Oct 13 20:38:47 localhost kernel: Disabled
Oct 13 20:38:47 localhost kernel: x86/PAT: MTRRs disabled, skipping PAT initialization too.
Oct 13 20:38:47 localhost kernel: CPU MTRRs all blank - virtualized system.
Oct 13 20:38:47 localhost kernel: x86/PAT: Configuration [0-7]: WB  WT  UC- UC  WB  WT  UC- UC  
Oct 13 20:38:47 localhost kernel: last_pfn = 0xdfff0 max_arch_pfn = 0x400000000
Oct 13 20:38:47 localhost kernel: found SMP MP-table at [mem 0x0009fff0-0x0009ffff]
Oct 13 20:38:47 localhost kernel: RAMDISK: [mem 0x3192d000-0x34c8efff]
Oct 13 20:38:47 localhost kernel: ACPI: Early table checksum verification disabled
Oct 13 20:38:47 localhost kernel: ACPI: RSDP 0x00000000000E0000 000024 (v02 VBOX  )
Oct 13 20:38:47 localhost kernel: ACPI: XSDT 0x00000000DFFF0030 00003C (v01 VBOX   VBOXXSDT 00000001 ASL  00000061)
Oct 13 20:38:47 localhost kernel: ACPI: FACP 0x00000000DFFF00F0 0000F4 (v04 VBOX   VBOXFACP 00000001 ASL  00000061)
Oct 13 20:38:47 localhost kernel: ACPI: DSDT 0x00000000DFFF04A0 002327 (v02 VBOX   VBOXBIOS 00000002 INTL 20220331)
Oct 13 20:38:47 localhost kernel: ACPI: FACS 0x00000000DFFF0200 000040
Oct 13 20:38:47 localhost kernel: ACPI: FACS 0x00000000DFFF0200 000040
Oct 13 20:38:47 localhost kernel: ACPI: APIC 0x00000000DFFF0240 00008C (v02 VBOX   VBOXAPIC 00000001 ASL  00000061)
Oct 13 20:38:47 localhost kernel: ACPI: SSDT 0x00000000DFFF02D0 0001CC (v01 VBOX   VBOXCPUT 00000002 INTL 20220331)
Oct 13 20:38:47 localhost kernel: No NUMA configuration found
Oct 13 20:38:47 localhost kernel: Faking a node at [mem 0x0000000000000000-0x000000021fffffff]
Oct 13 20:38:47 localhost kernel: NODE_DATA(0) allocated [mem 0x21ffd1000-0x21fffbfff]
Oct 13 20:38:47 localhost kernel: Reserving 192MB of memory at 592MB for crashkernel (System RAM: 8191MB)
Oct 13 20:38:47 localhost kernel: Zone ranges:
Oct 13 20:38:47 localhost kernel:  DMA      [mem 0x0000000000001000-0x0000000000ffffff]
Oct 13 20:38:47 localhost kernel:  DMA32    [mem 0x0000000001000000-0x00000000ffffffff]
Oct 13 20:38:47 localhost kernel:  Normal   [mem 0x0000000100000000-0x000000021fffffff]
Oct 13 20:38:47 localhost kernel:  Device   empty
Oct 13 20:38:47 localhost kernel: Movable zone start for each node
Oct 13 20:38:47 localhost kernel: Early memory node ranges
Oct 13 20:38:47 localhost kernel:  node   0: [mem 0x0000000000001000-0x000000000009efff]
Oct 13 20:38:47 localhost kernel:  node   0: [mem 0x0000000000100000-0x00000000dffeffff]
Oct 13 20:38:47 localhost kernel:  node   0: [mem 0x0000000100000000-0x000000021fffffff]
Oct 13 20:38:47 localhost kernel: Zeroed struct page in unavailable ranges: 114 pages
Oct 13 20:38:47 localhost kernel: Initmem setup node 0 [mem 0x0000000000001000-0x000000021fffffff]
Oct 13 20:38:47 localhost kernel: ACPI: PM-Timer IO Port: 0x4008
Oct 13 20:38:47 localhost kernel: IOAPIC[0]: apic_id 8, version 32, address 0xfec00000, GSI 0-23
Oct 13 20:38:47 localhost kernel: ACPI: INT_SRC_OVR (bus 0 bus_irq 0 global_irq 2 dfl dfl)
Oct 13 20:38:47 localhost kernel: ACPI: INT_SRC_OVR (bus 0 bus_irq 9 global_irq 9 low level)
Oct 13 20:38:47 localhost kernel: Using ACPI (MADT) for SMP configuration information
Oct 13 20:38:47 localhost kernel: smpboot: Allowing 8 CPUs, 0 hotplug CPUs
Oct 13 20:38:47 localhost kernel: PM: Registered nosave memory: [mem 0x00000000-0x00000fff]
Oct 13 20:38:47 localhost kernel: PM: Registered nosave memory: [mem 0x0009f000-0x0009ffff]
Oct 13 20:38:47 localhost kernel: PM: Registered nosave memory: [mem 0x000a0000-0x000effff]
Oct 13 20:38:47 localhost kernel: PM: Registered nosave memory: [mem 0x000f0000-0x000fffff]
Oct 13 20:38:47 localhost kernel: PM: Registered nosave memory: [mem 0xdfff0000-0xdfffffff]
Oct 13 20:38:47 localhost kernel: PM: Registered nosave memory: [mem 0xe0000000-0xfebfffff]
Oct 13 20:38:47 localhost kernel: PM: Registered nosave memory: [mem 0xfec00000-0xfec00fff]
Oct 13 20:38:47 localhost kernel: PM: Registered nosave memory: [mem 0xfec01000-0xfedfffff]
Oct 13 20:38:47 localhost kernel: PM: Registered nosave memory: [mem 0xfee00000-0xfee00fff]
Oct 13 20:38:47 localhost kernel: PM: Registered nosave memory: [mem 0xfee01000-0xfffbffff]
Oct 13 20:38:47 localhost kernel: PM: Registered nosave memory: [mem 0xfffc0000-0xffffffff]
Oct 13 20:38:47 localhost kernel: [mem 0xe0000000-0xfebfffff] available for PCI devices
Oct 13 20:38:47 localhost kernel: Booting paravirtualized kernel on KVM
Oct 13 20:38:47 localhost kernel: clocksource: refined-jiffies: mask: 0xffffffff max_cycles: 0xffffffff, max_idle_ns: 1910969940391419 ns
Oct 13 20:38:47 localhost kernel: random: get_random_bytes called from start_kernel+0x85/0x523 with crng_init=0
Oct 13 20:38:47 localhost kernel: setup_percpu: NR_CPUS:8192 nr_cpumask_bits:8 nr_cpu_ids:8 nr_node_ids:1
Oct 13 20:38:47 localhost kernel: percpu: Embedded 46 pages/cpu s151552 r8192 d28672 u262144
Oct 13 20:38:47 localhost kernel: Built 1 zonelists, mobility grouping on.  Total pages: 2064249
Oct 13 20:38:47 localhost kernel: Policy zone: Normal
Oct 13 20:38:47 localhost kernel: Kernel command line: BOOT_IMAGE=(hd0,msdos1)/vmlinuz-4.19.91-26.an8.x86_64 root=/dev/mapper/ao-root ro crashkernel=auto resume=/dev/mapper/ao-swap rd.lvm.lv=ao/root rd.lvm.lv=ao/swap rhgb quiet crashkernel=0M-2G:0M,2G-8G:192M,8G-:256M
Oct 13 20:38:47 localhost kernel: Memory: 7866084K/8388152K available (12300K kernel code, 2606K rwdata, 4096K rodata, 2344K init, 46460K bss, 522068K reserved, 0K cma-reserved)
Oct 13 20:38:47 localhost kernel: SLUB: HWalign=64, Order=0-3, MinObjects=0, CPUs=8, Nodes=1
Oct 13 20:38:47 localhost kernel: Kernel/User page tables isolation: enabled
Oct 13 20:38:47 localhost kernel: ftrace: allocating 38671 entries in 152 pages
Oct 13 20:38:47 localhost kernel: rcu: Hierarchical RCU implementation.
Oct 13 20:38:47 localhost kernel: rcu: #011RCU restricting CPUs from NR_CPUS=8192 to nr_cpu_ids=8.
Oct 13 20:38:47 localhost kernel: rcu: Adjusting geometry for rcu_fanout_leaf=16, nr_cpu_ids=8
Oct 13 20:38:47 localhost kernel: NR_IRQS: 524544, nr_irqs: 488, preallocated irqs: 16
Oct 13 20:38:47 localhost kernel: Console: colour VGA+ 80x25
Oct 13 20:38:47 localhost kernel: console [tty0] enabled
Oct 13 20:38:47 localhost kernel: ACPI: Core revision 20180810
Oct 13 20:38:47 localhost kernel: APIC: Switch to symmetric I/O mode setup
Oct 13 20:38:47 localhost kernel: x2apic enabled
Oct 13 20:38:47 localhost kernel: Switched APIC routing to physical x2apic.
Oct 13 20:38:47 localhost kernel: ..TIMER: vector=0x30 apic1=0 pin1=2 apic2=-1 pin2=-1
Oct 13 20:38:47 localhost kernel: clocksource: tsc-early: mask: 0xffffffffffffffff max_cycles: 0x29dc020bb13, max_idle_ns: 440795273180 ns
Oct 13 20:38:47 localhost kernel: Calibrating delay loop (skipped) preset value.. 5807.99 BogoMIPS (lpj=2903996)
Oct 13 20:38:47 localhost kernel: pid_max: default: 32768 minimum: 301
Oct 13 20:38:47 localhost kernel: Security Framework initialized
Oct 13 20:38:47 localhost kernel: Yama: becoming mindful.
Oct 13 20:38:47 localhost kernel: SELinux:  Initializing.
Oct 13 20:38:47 localhost kernel: Dentry cache hash table entries: 1048576 (order: 11, 8388608 bytes)
Oct 13 20:38:47 localhost kernel: Inode-cache hash table entries: 524288 (order: 10, 4194304 bytes)
Oct 13 20:38:47 localhost kernel: Mount-cache hash table entries: 16384 (order: 5, 131072 bytes)
Oct 13 20:38:47 localhost kernel: Mountpoint-cache hash table entries: 16384 (order: 5, 131072 bytes)
Oct 13 20:38:47 localhost kernel: Last level iTLB entries: 4KB 64, 2MB 8, 4MB 8
Oct 13 20:38:47 localhost kernel: Last level dTLB entries: 4KB 64, 2MB 0, 4MB 0, 1GB 4
Oct 13 20:38:47 localhost kernel: Spectre V1 : Mitigation: usercopy/swapgs barriers and __user pointer sanitization
Oct 13 20:38:47 localhost kernel: Spectre V2 : Mitigation: Full generic retpoline
Oct 13 20:38:47 localhost kernel: Spectre V2 : Spectre v2 / SpectreRSB mitigation: Filling RSB on context switch
Oct 13 20:38:47 localhost kernel: Speculative Store Bypass: Vulnerable
Oct 13 20:38:47 localhost kernel: MDS: Mitigation: Clear CPU buffers
Oct 13 20:38:47 localhost kernel: Freeing SMP alternatives memory: 36K
Oct 13 20:38:47 localhost kernel: smpboot: CPU0: Intel(R) Core(TM) i7-10700 CPU @ 2.90GHz (family: 0x6, model: 0xa5, stepping: 0x5)
Oct 13 20:38:47 localhost kernel: Performance Events: unsupported p6 CPU model 165 no PMU driver, software events only.
Oct 13 20:38:47 localhost kernel: rcu: Hierarchical SRCU implementation.
Oct 13 20:38:47 localhost kernel: smp: Bringing up secondary CPUs ...
Oct 13 20:38:47 localhost kernel: x86: Booting SMP configuration:
Oct 13 20:38:47 localhost kernel: .... node  #0, CPUs:      #1
Oct 13 20:38:47 localhost kernel: kvm-clock: cpu 1, msr 9a601041, secondary cpu clock
Oct 13 20:38:47 localhost kernel: #2
Oct 13 20:38:47 localhost kernel: kvm-clock: cpu 2, msr 9a601081, secondary cpu clock
Oct 13 20:38:47 localhost kernel: #3
Oct 13 20:38:47 localhost kernel: kvm-clock: cpu 3, msr 9a6010c1, secondary cpu clock
Oct 13 20:38:47 localhost kernel: #4
Oct 13 20:38:47 localhost kernel: kvm-clock: cpu 4, msr 9a601101, secondary cpu clock
Oct 13 20:38:47 localhost kernel: #5
Oct 13 20:38:47 localhost kernel: kvm-clock: cpu 5, msr 9a601141, secondary cpu clock
Oct 13 20:38:47 localhost kernel: #6
Oct 13 20:38:47 localhost kernel: kvm-clock: cpu 6, msr 9a601181, secondary cpu clock
Oct 13 20:38:47 localhost kernel: #7
Oct 13 20:38:47 localhost kernel: kvm-clock: cpu 7, msr 9a6011c1, secondary cpu clock
Oct 13 20:38:47 localhost kernel: smp: Brought up 1 node, 8 CPUs
Oct 13 20:38:47 localhost kernel: smpboot: Max logical packages: 1
Oct 13 20:38:47 localhost kernel: smpboot: Total of 8 processors activated (46463.93 BogoMIPS)
Oct 13 20:38:47 localhost kernel: devtmpfs: initialized
Oct 13 20:38:47 localhost kernel: x86/mm: Memory block size: 128MB
Oct 13 20:38:47 localhost kernel: clocksource: jiffies: mask: 0xffffffff max_cycles: 0xffffffff, max_idle_ns: 1911260446275000 ns
Oct 13 20:38:47 localhost kernel: futex hash table entries: 2048 (order: 5, 131072 bytes)
Oct 13 20:38:47 localhost kernel: pinctrl core: initialized pinctrl subsystem
Oct 13 20:38:47 localhost kernel: RTC time: 12:38:44, date: 10/13/22
Oct 13 20:38:47 localhost kernel: NET: Registered protocol family 16
Oct 13 20:38:47 localhost kernel: audit: initializing netlink subsys (disabled)
Oct 13 20:38:47 localhost kernel: audit: type=2000 audit(1665664734.147:1): state=initialized audit_enabled=0 res=1
Oct 13 20:38:47 localhost kernel: cpuidle: using governor menu
Oct 13 20:38:47 localhost kernel: ACPI: bus type PCI registered
Oct 13 20:38:47 localhost kernel: acpiphp: ACPI Hot Plug PCI Controller Driver version: 0.5
Oct 13 20:38:47 localhost kernel: PCI: Using configuration type 1 for base access
Oct 13 20:38:47 localhost kernel: HugeTLB registered 2.00 MiB page size, pre-allocated 0 pages
Oct 13 20:38:47 localhost kernel: cryptd: max_cpu_qlen set to 1000
Oct 13 20:38:47 localhost kernel: ACPI: Added _OSI(Module Device)
Oct 13 20:38:47 localhost kernel: ACPI: Added _OSI(Processor Device)
Oct 13 20:38:47 localhost kernel: ACPI: Added _OSI(3.0 _SCP Extensions)
Oct 13 20:38:47 localhost kernel: ACPI: Added _OSI(Processor Aggregator Device)
Oct 13 20:38:47 localhost kernel: ACPI: Added _OSI(Linux-Dell-Video)
Oct 13 20:38:47 localhost kernel: ACPI: Added _OSI(Linux-Lenovo-NV-HDMI-Audio)
Oct 13 20:38:47 localhost kernel: ACPI: 2 ACPI AML tables successfully acquired and loaded
Oct 13 20:38:47 localhost kernel: ACPI: Interpreter enabled
Oct 13 20:38:47 localhost kernel: ACPI: (supports S0 S5)
Oct 13 20:38:47 localhost kernel: ACPI: Using IOAPIC for interrupt routing
Oct 13 20:38:47 localhost kernel: PCI: Using host bridge windows from ACPI; if necessary, use "pci=nocrs" and report a bug
Oct 13 20:38:47 localhost kernel: ACPI: Enabled 2 GPEs in block 00 to 07
Oct 13 20:38:47 localhost kernel: ACPI: PCI Root Bridge [PCI0] (domain 0000 [bus 00-ff])
Oct 13 20:38:47 localhost kernel: acpi PNP0A03:00: _OSC: OS supports [ASPM ClockPM Segments MSI EDR]
Oct 13 20:38:47 localhost kernel: acpi PNP0A03:00: _OSC: not requesting OS control; OS requires [ExtendedConfig ASPM ClockPM MSI]
Oct 13 20:38:47 localhost kernel: acpi PNP0A03:00: fail to add MMCONFIG information, can't access extended PCI configuration space under this bridge.
Oct 13 20:38:47 localhost kernel: PCI host bridge to bus 0000:00
Oct 13 20:38:47 localhost kernel: pci_bus 0000:00: root bus resource [io  0x0000-0x0cf7 window]
Oct 13 20:38:47 localhost kernel: pci_bus 0000:00: root bus resource [io  0x0d00-0xffff window]
Oct 13 20:38:47 localhost kernel: pci_bus 0000:00: root bus resource [mem 0x000a0000-0x000bffff window]
Oct 13 20:38:47 localhost kernel: pci_bus 0000:00: root bus resource [mem 0xe0000000-0xfdffffff window]
Oct 13 20:38:47 localhost kernel: pci_bus 0000:00: root bus resource [bus 00-ff]
Oct 13 20:38:47 localhost kernel: pci 0000:00:00.0: [8086:1237] type 00 class 0x060000
Oct 13 20:38:47 localhost kernel: pci 0000:00:01.0: [8086:7000] type 00 class 0x060100
Oct 13 20:38:47 localhost kernel: pci 0000:00:01.1: [8086:7111] type 00 class 0x01018a
Oct 13 20:38:47 localhost kernel: pci 0000:00:01.1: reg 0x20: [io  0xd000-0xd00f]
Oct 13 20:38:47 localhost kernel: pci 0000:00:01.1: legacy IDE quirk: reg 0x10: [io  0x01f0-0x01f7]
Oct 13 20:38:47 localhost kernel: pci 0000:00:01.1: legacy IDE quirk: reg 0x14: [io  0x03f6]
Oct 13 20:38:47 localhost kernel: pci 0000:00:01.1: legacy IDE quirk: reg 0x18: [io  0x0170-0x0177]
Oct 13 20:38:47 localhost kernel: pci 0000:00:01.1: legacy IDE quirk: reg 0x1c: [io  0x0376]
Oct 13 20:38:47 localhost kernel: pci 0000:00:02.0: [15ad:0405] type 00 class 0x030000
Oct 13 20:38:47 localhost kernel: pci 0000:00:02.0: reg 0x10: [io  0xd010-0xd01f]
Oct 13 20:38:47 localhost kernel: pci 0000:00:02.0: reg 0x14: [mem 0xe0000000-0xe7ffffff pref]
Oct 13 20:38:47 localhost kernel: pci 0000:00:02.0: reg 0x18: [mem 0xf0000000-0xf01fffff]
Oct 13 20:38:47 localhost kernel: pci 0000:00:03.0: [8086:100e] type 00 class 0x020000
Oct 13 20:38:47 localhost kernel: pci 0000:00:03.0: reg 0x10: [mem 0xf0200000-0xf021ffff]
Oct 13 20:38:47 localhost kernel: pci 0000:00:03.0: reg 0x18: [io  0xd020-0xd027]
Oct 13 20:38:47 localhost kernel: pci 0000:00:04.0: [80ee:cafe] type 00 class 0x088000
Oct 13 20:38:47 localhost kernel: pci 0000:00:04.0: reg 0x10: [io  0xd040-0xd05f]
Oct 13 20:38:47 localhost kernel: pci 0000:00:04.0: reg 0x14: [mem 0xf0400000-0xf07fffff]
Oct 13 20:38:47 localhost kernel: pci 0000:00:04.0: reg 0x18: [mem 0xf0800000-0xf0803fff pref]
Oct 13 20:38:47 localhost kernel: pci 0000:00:05.0: [8086:2415] type 00 class 0x040100
Oct 13 20:38:47 localhost kernel: pci 0000:00:05.0: reg 0x10: [io  0xd100-0xd1ff]
Oct 13 20:38:47 localhost kernel: pci 0000:00:05.0: reg 0x14: [io  0xd200-0xd23f]
Oct 13 20:38:47 localhost kernel: pci 0000:00:06.0: [106b:003f] type 00 class 0x0c0310
Oct 13 20:38:47 localhost kernel: pci 0000:00:06.0: reg 0x10: [mem 0xf0804000-0xf0804fff]
Oct 13 20:38:47 localhost kernel: pci 0000:00:07.0: [8086:7113] type 00 class 0x068000
Oct 13 20:38:47 localhost kernel: pci 0000:00:07.0: quirk: [io  0x4000-0x403f] claimed by PIIX4 ACPI
Oct 13 20:38:47 localhost kernel: pci 0000:00:07.0: quirk: [io  0x4100-0x410f] claimed by PIIX4 SMB
Oct 13 20:38:47 localhost kernel: pci 0000:00:0d.0: [8086:2829] type 00 class 0x010601
Oct 13 20:38:47 localhost kernel: pci 0000:00:0d.0: reg 0x10: [io  0xd240-0xd247]
Oct 13 20:38:47 localhost kernel: pci 0000:00:0d.0: reg 0x14: [io  0xd248-0xd24b]
Oct 13 20:38:47 localhost kernel: pci 0000:00:0d.0: reg 0x18: [io  0xd250-0xd257]
Oct 13 20:38:47 localhost kernel: pci 0000:00:0d.0: reg 0x1c: [io  0xd258-0xd25b]
Oct 13 20:38:47 localhost kernel: pci 0000:00:0d.0: reg 0x20: [io  0xd260-0xd26f]
Oct 13 20:38:47 localhost kernel: pci 0000:00:0d.0: reg 0x24: [mem 0xf0806000-0xf0807fff]
Oct 13 20:38:47 localhost kernel: ACPI: PCI Interrupt Link [LNKA] (IRQs 5 9 10 *11)
Oct 13 20:38:47 localhost kernel: ACPI: PCI Interrupt Link [LNKB] (IRQs 5 9 *10 11)
Oct 13 20:38:47 localhost kernel: ACPI: PCI Interrupt Link [LNKC] (IRQs 5 *9 10 11)
Oct 13 20:38:47 localhost kernel: ACPI: PCI Interrupt Link [LNKD] (IRQs 5 9 10 *11)
Oct 13 20:38:47 localhost kernel: pci 0000:00:02.0: vgaarb: setting as boot VGA device
Oct 13 20:38:47 localhost kernel: pci 0000:00:02.0: vgaarb: VGA device added: decodes=io+mem,owns=io+mem,locks=none
Oct 13 20:38:47 localhost kernel: pci 0000:00:02.0: vgaarb: bridge control possible
Oct 13 20:38:47 localhost kernel: vgaarb: loaded
Oct 13 20:38:47 localhost kernel: SCSI subsystem initialized
Oct 13 20:38:47 localhost kernel: ACPI: bus type USB registered
Oct 13 20:38:47 localhost kernel: usbcore: registered new interface driver usbfs
Oct 13 20:38:47 localhost kernel: usbcore: registered new interface driver hub
Oct 13 20:38:47 localhost kernel: usbcore: registered new device driver usb
Oct 13 20:38:47 localhost kernel: pps_core: LinuxPPS API ver. 1 registered
Oct 13 20:38:47 localhost kernel: pps_core: Software ver. 5.3.6 - Copyright 2005-2007 Rodolfo Giometti <giometti@linux.it>
Oct 13 20:38:47 localhost kernel: PTP clock support registered
Oct 13 20:38:47 localhost kernel: EDAC MC: Ver: 3.0.0
Oct 13 20:38:47 localhost kernel: PCI: Using ACPI for IRQ routing
Oct 13 20:38:47 localhost kernel: NetLabel: Initializing
Oct 13 20:38:47 localhost kernel: NetLabel:  domain hash size = 128
Oct 13 20:38:47 localhost kernel: NetLabel:  protocols = UNLABELED CIPSOv4 CALIPSO
Oct 13 20:38:47 localhost kernel: NetLabel:  unlabeled traffic allowed by default
Oct 13 20:38:47 localhost kernel: clocksource: Switched to clocksource kvm-clock
Oct 13 20:38:47 localhost kernel: VFS: Disk quotas dquot_6.6.0
Oct 13 20:38:47 localhost kernel: VFS: Dquot-cache hash table entries: 512 (order 0, 4096 bytes)
Oct 13 20:38:47 localhost kernel: pnp: PnP ACPI init
Oct 13 20:38:47 localhost kernel: pnp: PnP ACPI: found 2 devices
Oct 13 20:38:47 localhost kernel: clocksource: acpi_pm: mask: 0xffffff max_cycles: 0xffffff, max_idle_ns: 2085701024 ns
Oct 13 20:38:47 localhost kernel: pci_bus 0000:00: resource 4 [io  0x0000-0x0cf7 window]
Oct 13 20:38:47 localhost kernel: pci_bus 0000:00: resource 5 [io  0x0d00-0xffff window]
Oct 13 20:38:47 localhost kernel: pci_bus 0000:00: resource 6 [mem 0x000a0000-0x000bffff window]
Oct 13 20:38:47 localhost kernel: pci_bus 0000:00: resource 7 [mem 0xe0000000-0xfdffffff window]
Oct 13 20:38:47 localhost kernel: NET: Registered protocol family 2
Oct 13 20:38:47 localhost kernel: IP idents hash table entries: 131072 (order: 8, 1048576 bytes)
Oct 13 20:38:47 localhost kernel: tcp_listen_portaddr_hash hash table entries: 4096 (order: 4, 65536 bytes)
Oct 13 20:38:47 localhost kernel: TCP established hash table entries: 65536 (order: 7, 524288 bytes)
Oct 13 20:38:47 localhost kernel: TCP bind hash table entries: 65536 (order: 8, 1048576 bytes)
Oct 13 20:38:47 localhost kernel: TCP: Hash tables configured (established 65536 bind 65536)
Oct 13 20:38:47 localhost kernel: UDP hash table entries: 4096 (order: 5, 131072 bytes)
Oct 13 20:38:47 localhost kernel: UDP-Lite hash table entries: 4096 (order: 5, 131072 bytes)
Oct 13 20:38:47 localhost kernel: NET: Registered protocol family 1
Oct 13 20:38:47 localhost kernel: NET: Registered protocol family 44
Oct 13 20:38:47 localhost kernel: pci 0000:00:00.0: Limiting direct PCI/PCI transfers
Oct 13 20:38:47 localhost kernel: pci 0000:00:01.0: Activating ISA DMA hang workarounds
Oct 13 20:38:47 localhost kernel: pci 0000:00:02.0: Video device with shadowed ROM at [mem 0x000c0000-0x000dffff]
Oct 13 20:38:47 localhost kernel: PCI: CLS 0 bytes, default 64
Oct 13 20:38:47 localhost kernel: Unpacking initramfs...
Oct 13 20:38:47 localhost kernel: Freeing initrd memory: 52616K
Oct 13 20:38:47 localhost kernel: PCI-DMA: Using software bounce buffering for IO (SWIOTLB)
Oct 13 20:38:47 localhost kernel: software IO TLB: mapped [mem 0xdbff0000-0xdfff0000] (64MB)
Oct 13 20:38:47 localhost kernel: clocksource: tsc: mask: 0xffffffffffffffff max_cycles: 0x29dc020bb13, max_idle_ns: 440795273180 ns
Oct 13 20:38:47 localhost kernel: platform rtc_cmos: registered platform RTC device (no PNP device found)
Oct 13 20:38:47 localhost kernel: alg: No test for cfb(sm4) (cfb-sm4-aesni-avx)
Oct 13 20:38:47 localhost kernel: alg: No test for cfb(sm4) (cfb-sm4-aesni-avx2)
Oct 13 20:38:47 localhost kernel: Initialise system trusted keyrings
Oct 13 20:38:47 localhost kernel: Key type blacklist registered
Oct 13 20:38:47 localhost kernel: workingset: timestamp_bits=35 max_order=21 bucket_order=0
Oct 13 20:38:47 localhost kernel: zbud: loaded
Oct 13 20:38:47 localhost kernel: Allocating IMA blacklist keyring.
Oct 13 20:38:47 localhost kernel: NET: Registered protocol family 38
Oct 13 20:38:47 localhost kernel: Key type asymmetric registered
Oct 13 20:38:47 localhost kernel: Asymmetric key parser 'x509' registered
Oct 13 20:38:47 localhost kernel: Block layer SCSI generic (bsg) driver version 0.4 loaded (major 243)
Oct 13 20:38:47 localhost kernel: io scheduler noop registered
Oct 13 20:38:47 localhost kernel: io scheduler deadline registered (default)
Oct 13 20:38:47 localhost kernel: io scheduler cfq registered
Oct 13 20:38:47 localhost kernel: io scheduler mq-deadline registered (default)
Oct 13 20:38:47 localhost kernel: io scheduler kyber registered
Oct 13 20:38:47 localhost kernel: io scheduler bfq registered
Oct 13 20:38:47 localhost kernel: shpchp: Standard Hot Plug PCI Controller Driver version: 0.4
Oct 13 20:38:47 localhost kernel: ACPI: Deprecated procfs I/F for AC is loaded, please retry with CONFIG_ACPI_PROCFS_POWER cleared
Oct 13 20:38:47 localhost kernel: ACPI: AC Adapter [AC] (on-line)
Oct 13 20:38:47 localhost kernel: input: Power Button as /devices/LNXSYSTM:00/LNXPWRBN:00/input/input0
Oct 13 20:38:47 localhost kernel: ACPI: Power Button [PWRF]
Oct 13 20:38:47 localhost kernel: input: Sleep Button as /devices/LNXSYSTM:00/LNXSLPBN:00/input/input1
Oct 13 20:38:47 localhost kernel: ACPI: Sleep Button [SLPF]
Oct 13 20:38:47 localhost kernel: Serial: 8250/16550 driver, 4 ports, IRQ sharing enabled
Oct 13 20:38:47 localhost kernel: Non-volatile memory driver v1.3
Oct 13 20:38:47 localhost kernel: Linux agpgart interface v0.103
Oct 13 20:38:47 localhost kernel: rdac: device handler registered
Oct 13 20:38:47 localhost kernel: hp_sw: device handler registered
Oct 13 20:38:47 localhost kernel: emc: device handler registered
Oct 13 20:38:47 localhost kernel: alua: device handler registered
Oct 13 20:38:47 localhost kernel: libphy: Fixed MDIO Bus: probed
Oct 13 20:38:47 localhost kernel: ehci_hcd: USB 2.0 'Enhanced' Host Controller (EHCI) Driver
Oct 13 20:38:47 localhost kernel: ehci-pci: EHCI PCI platform driver
Oct 13 20:38:47 localhost kernel: ohci_hcd: USB 1.1 'Open' Host Controller (OHCI) Driver
Oct 13 20:38:47 localhost kernel: ohci-pci: OHCI PCI platform driver
Oct 13 20:38:47 localhost kernel: ohci-pci 0000:00:06.0: OHCI PCI host controller
Oct 13 20:38:47 localhost kernel: ohci-pci 0000:00:06.0: new USB bus registered, assigned bus number 1
Oct 13 20:38:47 localhost kernel: ohci-pci 0000:00:06.0: irq 22, io mem 0xf0804000
Oct 13 20:38:47 localhost kernel: usb usb1: New USB device found, idVendor=1d6b, idProduct=0001, bcdDevice= 4.19
Oct 13 20:38:47 localhost kernel: usb usb1: New USB device strings: Mfr=3, Product=2, SerialNumber=1
Oct 13 20:38:47 localhost kernel: usb usb1: Product: OHCI PCI host controller
Oct 13 20:38:47 localhost kernel: usb usb1: Manufacturer: Linux 4.19.91-26.an8.x86_64 ohci_hcd
Oct 13 20:38:47 localhost kernel: usb usb1: SerialNumber: 0000:00:06.0
Oct 13 20:38:47 localhost kernel: hub 1-0:1.0: USB hub found
Oct 13 20:38:47 localhost kernel: hub 1-0:1.0: 12 ports detected
Oct 13 20:38:47 localhost kernel: usbcore: registered new interface driver usbserial_generic
Oct 13 20:38:47 localhost kernel: usbserial: USB Serial support registered for generic
Oct 13 20:38:47 localhost kernel: i8042: PNP: PS/2 Controller [PNP0303:PS2K,PNP0f03:PS2M] at 0x60,0x64 irq 1,12
Oct 13 20:38:47 localhost kernel: serio: i8042 KBD port at 0x60,0x64 irq 1
Oct 13 20:38:47 localhost kernel: serio: i8042 AUX port at 0x60,0x64 irq 12
Oct 13 20:38:47 localhost kernel: rtc_cmos rtc_cmos: registered as rtc0
Oct 13 20:38:47 localhost kernel: rtc_cmos rtc_cmos: alarms up to one day, 114 bytes nvram
Oct 13 20:38:47 localhost kernel: intel_pstate: CPU model not supported
Oct 13 20:38:47 localhost kernel: cpuidle: using governor haltpoll
Oct 13 20:38:47 localhost kernel: input: AT Translated Set 2 keyboard as /devices/platform/i8042/serio0/input/input2
Oct 13 20:38:47 localhost kernel: hidraw: raw HID events driver (C) Jiri Kosina
Oct 13 20:38:47 localhost kernel: usbcore: registered new interface driver usbhid
Oct 13 20:38:47 localhost kernel: usbhid: USB HID core driver
Oct 13 20:38:47 localhost kernel: drop_monitor: Initializing network drop monitor service
Oct 13 20:38:47 localhost kernel: Initializing XFRM netlink socket
Oct 13 20:38:47 localhost kernel: NET: Registered protocol family 10
Oct 13 20:38:47 localhost kernel: Segment Routing with IPv6
Oct 13 20:38:47 localhost kernel: NET: Registered protocol family 17
Oct 13 20:38:47 localhost kernel: mce: Using 0 MCE banks
Oct 13 20:38:47 localhost kernel: sched_clock: Marking stable (900003850, 6275430)->(933050494, -26771214)
Oct 13 20:38:47 localhost kernel: registered taskstats version 1
Oct 13 20:38:47 localhost kernel: Loading compiled-in X.509 certificates
Oct 13 20:38:47 localhost kernel: Loaded X.509 cert 'Build time autogenerated kernel key: 8ee38a56637381971b9abe6d85506b7328c9217c'
Oct 13 20:38:47 localhost kernel: zswap: loaded using pool lzo/zbud
Oct 13 20:38:47 localhost kernel: page_owner is disabled
Oct 13 20:38:47 localhost kernel: Key type big_key registered
Oct 13 20:38:47 localhost kernel: Key type trusted registered
Oct 13 20:38:47 localhost kernel: Key type encrypted registered
Oct 13 20:38:47 localhost kernel: ima: No TPM chip found, activating TPM-bypass!
Oct 13 20:38:47 localhost kernel: ima: Allocated hash algorithm: sha256
Oct 13 20:38:47 localhost kernel: evm: Initialising EVM extended attributes:
Oct 13 20:38:47 localhost kernel: evm: security.selinux
Oct 13 20:38:47 localhost kernel: evm: security.SMACK64
Oct 13 20:38:47 localhost kernel: evm: security.SMACK64EXEC
Oct 13 20:38:47 localhost kernel: evm: security.SMACK64TRANSMUTE
Oct 13 20:38:47 localhost kernel: evm: security.SMACK64MMAP
Oct 13 20:38:47 localhost kernel: evm: security.ima
Oct 13 20:38:47 localhost kernel: evm: security.capability
Oct 13 20:38:47 localhost kernel: evm: HMAC attrs: 0x1
Oct 13 20:38:47 localhost kernel:  Magic number: 10:853:632
Oct 13 20:38:47 localhost kernel: rtc_cmos rtc_cmos: setting system clock to 2022-10-13 12:38:45 UTC (1665664725)
Oct 13 20:38:47 localhost kernel: RAS: Correctable Errors collector initialized.
Oct 13 20:38:47 localhost kernel: NMI watchdog: Perf NMI watchdog permanently disabled
Oct 13 20:38:47 localhost kernel: integrity: Unable to open file: /etc/keys/x509_ima.der (-2)
Oct 13 20:38:47 localhost kernel: integrity: Unable to open file: /etc/keys/x509_evm.der (-2)
Oct 13 20:38:47 localhost kernel: Freeing unused decrypted memory: 2040K
Oct 13 20:38:47 localhost kernel: Freeing unused kernel image memory: 2344K
Oct 13 20:38:47 localhost kernel: Write protecting the kernel read-only data: 18432k
Oct 13 20:38:47 localhost kernel: Freeing unused kernel image memory: 2024K
Oct 13 20:38:47 localhost kernel: rodata_test: all tests were successful
Oct 13 20:38:47 localhost kernel: Run /init as init process
Oct 13 20:38:47 localhost systemd[1]: systemd 239 (239-58.0.1.an8) running in system mode. (+PAM +AUDIT +SELINUX +IMA -APPARMOR +SMACK +SYSVINIT +UTMP +LIBCRYPTSETUP +GCRYPT +GNUTLS +ACL +XZ +LZ4 +SECCOMP +BLKID +ELFUTILS +KMOD +IDN2 -IDN +PCRE2 default-hierarchy=legacy)
Oct 13 20:38:47 localhost systemd[1]: Detected virtualization oracle.
Oct 13 20:38:47 localhost systemd[1]: Detected architecture x86-64.
Oct 13 20:38:47 localhost systemd[1]: Running in initial RAM disk.
Oct 13 20:38:47 localhost systemd[1]: Set hostname to <localhost.localdomain>.
Oct 13 20:38:47 localhost kernel: random: systemd: uninitialized urandom read (16 bytes read)
Oct 13 20:38:47 localhost systemd[1]: Listening on udev Kernel Socket.
Oct 13 20:38:47 localhost kernel: random: systemd: uninitialized urandom read (16 bytes read)
Oct 13 20:38:47 localhost systemd[1]: Reached target Slices.
Oct 13 20:38:47 localhost kernel: random: systemd: uninitialized urandom read (16 bytes read)
Oct 13 20:38:47 localhost systemd[1]: Created slice system-systemd\x2dhibernate\x2dresume.slice.
Oct 13 20:38:47 localhost systemd[1]: Listening on udev Control Socket.
Oct 13 20:38:47 localhost systemd[1]: Reached target Timers.
Oct 13 20:38:47 localhost kernel: fuse: module verification failed: signature and/or required key missing - tainting kernel
Oct 13 20:38:47 localhost kernel: fuse init (API version 7.27)
Oct 13 20:38:47 localhost kernel: version 39.2
Oct 13 20:38:47 localhost kernel: ipmi device interface
Oct 13 20:38:47 localhost systemd-journald[240]: Journal started
Oct 13 20:38:47 localhost systemd-journald[240]: Runtime journal (/run/log/journal/da1bcecd0dea4c3e968e27629d75256b) is 8.0M, max 386.9M, 378.9M free.
Oct 13 20:38:47 localhost systemd-modules-load[243]: Inserted module 'fuse'
Oct 13 20:38:47 localhost systemd-modules-load[243]: Module 'msr' is builtin
Oct 13 20:38:47 localhost systemd-modules-load[243]: Inserted module 'ipmi_devintf'
Oct 13 20:38:47 localhost systemd-sysctl[259]: Couldn't write 'fq_codel' to 'net/core/default_qdisc', ignoring: No such file or directory
Oct 13 20:38:47 localhost systemd-sysctl[259]: Couldn't write '1' to 'vm/unprivileged_userfaultfd', ignoring: No such file or directory
Oct 13 20:38:47 localhost systemd[1]: systemd-vconsole-setup.service: Succeeded.
Oct 13 20:38:47 localhost systemd[1]: Started Setup Virtual Console.
Oct 13 20:38:47 localhost systemd[1]: Starting dracut cmdline hook...
Oct 13 20:38:47 localhost dracut-cmdline[272]: dracut-8.6 dracut-049-202.git20220511.an8_6
Oct 13 20:38:47 localhost dracut-cmdline[272]: Using kernel command line parameters: BOOT_IMAGE=(hd0,msdos1)/vmlinuz-4.19.91-26.an8.x86_64 root=/dev/mapper/ao-root ro crashkernel=auto resume=/dev/mapper/ao-swap rd.lvm.lv=ao/root rd.lvm.lv=ao/swap rhgb quiet crashkernel=0M-2G:0M,2G-8G:192M,8G-:256M
Oct 13 20:38:47 localhost systemd[1]: Started dracut cmdline hook.
Oct 13 20:38:47 localhost systemd[1]: Starting dracut pre-udev hook...
Oct 13 20:38:47 localhost kernel: device-mapper: uevent: version 1.0.3
Oct 13 20:38:47 localhost kernel: device-mapper: ioctl: 4.39.0-ioctl (2018-04-03) initialised: dm-devel@redhat.com
Oct 13 20:38:47 localhost systemd[1]: Started dracut pre-udev hook.
Oct 13 20:38:47 localhost systemd[1]: Starting udev Kernel Device Manager...
Oct 13 20:38:47 localhost systemd[1]: Started udev Kernel Device Manager.
Oct 13 20:38:47 localhost systemd[1]: Starting udev Coldplug all Devices...
Oct 13 20:38:47 localhost systemd[1]: Mounting Kernel Configuration File System...
Oct 13 20:38:47 localhost systemd[1]: Mounted Kernel Configuration File System.
Oct 13 20:38:47 localhost systemd[1]: Started udev Coldplug all Devices.
Oct 13 20:38:47 localhost systemd[1]: Starting dracut initqueue hook...
Oct 13 20:38:47 localhost systemd[1]: Starting Show Plymouth Boot Screen...
Oct 13 20:38:47 localhost kernel: e1000: Intel(R) PRO/1000 Network Driver - version 7.3.21-k8-NAPI
Oct 13 20:38:47 localhost kernel: e1000: Copyright (c) 1999-2006 Intel Corporation.
Oct 13 20:38:47 localhost systemd[1]: Received SIGRTMIN+20 from PID 421 (plymouthd).
Oct 13 20:38:47 localhost kernel: scsi host0: ata_piix
Oct 13 20:38:47 localhost kernel: scsi host1: ata_piix
Oct 13 20:38:47 localhost kernel: ata1: PATA max UDMA/33 cmd 0x1f0 ctl 0x3f6 bmdma 0xd000 irq 14
Oct 13 20:38:47 localhost kernel: ata2: PATA max UDMA/33 cmd 0x170 ctl 0x376 bmdma 0xd008 irq 15
Oct 13 20:38:47 localhost kernel: ahci 0000:00:0d.0: SSS flag set, parallel bus scan disabled
Oct 13 20:38:47 localhost kernel: ahci 0000:00:0d.0: AHCI 0001.0100 32 slots 1 ports 3 Gbps 0x1 impl SATA mode
Oct 13 20:38:47 localhost kernel: ahci 0000:00:0d.0: flags: 64bit ncq stag only ccc 
Oct 13 20:38:47 localhost kernel: scsi host2: ahci
Oct 13 20:38:47 localhost kernel: ata3: SATA max UDMA/133 abar m8192@0xf0806000 port 0xf0806100 irq 21
Oct 13 20:38:47 localhost systemd-udevd[412]: link_config: autonegotiation is unset or enabled, the speed and duplex are not writable.
Oct 13 20:38:47 localhost kernel: [drm] DMA map mode: Using physical TTM page addresses.
Oct 13 20:38:47 localhost kernel: [drm] Capabilities:
Oct 13 20:38:47 localhost kernel: [drm]   Cursor.
Oct 13 20:38:47 localhost kernel: [drm]   Cursor bypass 2.
Oct 13 20:38:47 localhost kernel: [drm]   Alpha cursor.
Oct 13 20:38:47 localhost kernel: [drm]   3D.
Oct 13 20:38:47 localhost kernel: [drm]   Extended Fifo.
Oct 13 20:38:47 localhost kernel: [drm]   Pitchlock.
Oct 13 20:38:47 localhost kernel: [drm]   Irq mask.
Oct 13 20:38:47 localhost kernel: [drm]   GMR.
Oct 13 20:38:47 localhost kernel: [drm]   Traces.
Oct 13 20:38:47 localhost kernel: [drm]   GMR2.
Oct 13 20:38:47 localhost kernel: [drm]   Screen Object 2.
Oct 13 20:38:47 localhost kernel: [drm] Max GMR ids is 8192
Oct 13 20:38:47 localhost kernel: [drm] Max number of GMR pages is 1048576
Oct 13 20:38:47 localhost kernel: [drm] Max dedicated hypervisor surface memory is 393216 kiB
Oct 13 20:38:47 localhost kernel: [drm] Maximum display memory size is 131072 kiB
Oct 13 20:38:47 localhost kernel: [drm] VRAM at 0xe0000000 size is 131072 kiB
Oct 13 20:38:47 localhost kernel: [drm] MMIO at 0xf0000000 size is 2048 kiB
Oct 13 20:38:47 localhost kernel: [drm] global init.
Oct 13 20:38:47 localhost kernel: [TTM] Zone  kernel: Available graphics memory: 3962572 kiB
Oct 13 20:38:47 localhost kernel: [TTM] Zone   dma32: Available graphics memory: 2097152 kiB
Oct 13 20:38:47 localhost kernel: [TTM] Initializing pool allocator
Oct 13 20:38:47 localhost kernel: [TTM] Initializing DMA pool allocator
Oct 13 20:38:47 localhost kernel: [drm] Supports vblank timestamp caching Rev 2 (21.10.2013).
Oct 13 20:38:47 localhost kernel: [drm] No driver support for vblank timestamp query.
Oct 13 20:38:47 localhost kernel: [drm] Screen Objects Display Unit initialized
Oct 13 20:38:47 localhost kernel: [drm] width 720
Oct 13 20:38:47 localhost kernel: [drm] height 400
Oct 13 20:38:47 localhost kernel: [drm] bpp 32
Oct 13 20:38:47 localhost kernel: [drm] Fifo max 0x00200000 min 0x00001000 cap 0x00000355
Oct 13 20:38:47 localhost kernel: [drm] DX: no.
Oct 13 20:38:47 localhost kernel: [drm] Atomic: yes.
Oct 13 20:38:47 localhost kernel: [drm] SM4_1: no.
Oct 13 20:38:47 localhost kernel: [drm:vmw_host_log [vmwgfx]] *ERROR* Failed to send host log message.
Oct 13 20:38:47 localhost kernel: [drm:vmw_host_log [vmwgfx]] *ERROR* Failed to send host log message.
Oct 13 20:38:47 localhost systemd[1]: Started Show Plymouth Boot Screen.
Oct 13 20:38:47 localhost systemd[1]: Started Forward Password Requests to Plymouth Directory Watch.
Oct 13 20:38:47 localhost kernel: fbcon: svgadrmfb (fb0) is primary device
Oct 13 20:38:47 localhost kernel: Console: switching to colour frame buffer device 100x37
Oct 13 20:38:47 localhost systemd[1]: Reached target Paths.
Oct 13 20:38:47 localhost kernel: [drm] Initialized vmwgfx 2.15.0 20180704 for 0000:00:02.0 on minor 0
Oct 13 20:38:47 localhost kernel: ata1.00: ATAPI: VBOX CD-ROM, 1.0, max UDMA/133
Oct 13 20:38:47 localhost kernel: ata2.00: ATAPI: VBOX CD-ROM, 1.0, max UDMA/133
Oct 13 20:38:47 localhost kernel: scsi 0:0:0:0: CD-ROM            VBOX     CD-ROM           1.0  PQ: 0 ANSI: 5
Oct 13 20:38:47 localhost kernel: scsi 1:0:0:0: CD-ROM            VBOX     CD-ROM           1.0  PQ: 0 ANSI: 5
Oct 13 20:38:47 localhost kernel: ata3: SATA link up 3.0 Gbps (SStatus 123 SControl 300)
Oct 13 20:38:47 localhost kernel: ata3.00: ATA-6: VBOX HARDDISK, 1.0, max UDMA/133
Oct 13 20:38:47 localhost kernel: ata3.00: 125829120 sectors, multi 128: LBA48 NCQ (depth 32)
Oct 13 20:38:47 localhost kernel: ata3.00: configured for UDMA/133
Oct 13 20:38:47 localhost kernel: scsi 2:0:0:0: Direct-Access     ATA      VBOX HARDDISK    1.0  PQ: 0 ANSI: 5
Oct 13 20:38:47 localhost kernel: scsi 0:0:0:0: Attached scsi generic sg0 type 5
Oct 13 20:38:47 localhost kernel: scsi 1:0:0:0: Attached scsi generic sg1 type 5
Oct 13 20:38:47 localhost kernel: scsi 2:0:0:0: Attached scsi generic sg2 type 0
Oct 13 20:38:47 localhost kernel: sd 2:0:0:0: [sda] 125829120 512-byte logical blocks: (64.4 GB/60.0 GiB)
Oct 13 20:38:47 localhost kernel: sd 2:0:0:0: [sda] Write Protect is off
Oct 13 20:38:47 localhost kernel: sd 2:0:0:0: [sda] Write cache: enabled, read cache: enabled, doesn't support DPO or FUA
Oct 13 20:38:47 localhost kernel: sda: sda1 sda2
Oct 13 20:38:47 localhost kernel: sd 2:0:0:0: [sda] Attached SCSI disk
Oct 13 20:38:47 localhost systemd-udevd[411]: Using default interface naming scheme 'rhel-8.0'.
Oct 13 20:38:47 localhost kernel: e1000 0000:00:03.0 eth0: (PCI:33MHz:32-bit) 08:00:27:ff:eb:1c
Oct 13 20:38:47 localhost kernel: e1000 0000:00:03.0 eth0: Intel(R) PRO/1000 Network Connection
Oct 13 20:38:47 localhost systemd-udevd[411]: link_config: autonegotiation is unset or enabled, the speed and duplex are not writable.
Oct 13 20:38:47 localhost kernel: e1000 0000:00:03.0 enp0s3: renamed from eth0
Oct 13 20:38:47 localhost kernel: sr 0:0:0:0: [sr0] scsi3-mmc drive: 32x/32x xa/form2 tray
Oct 13 20:38:47 localhost kernel: cdrom: Uniform CD-ROM driver Revision: 3.20
Oct 13 20:38:47 localhost kernel: sr 1:0:0:0: [sr1] scsi3-mmc drive: 32x/32x xa/form2 tray
Oct 13 20:38:49 localhost dracut-initqueue[493]: Scanning devices sda2  for LVM logical volumes ao/root ao/swap
Oct 13 20:38:49 localhost dracut-initqueue[518]: inactive '/dev/ao/swap' [6.00 GiB] inherit
Oct 13 20:38:49 localhost dracut-initqueue[518]: inactive '/dev/ao/home' [<17.39 GiB] inherit
Oct 13 20:38:49 localhost dracut-initqueue[518]: inactive '/dev/ao/root' [<35.61 GiB] inherit
Oct 13 20:38:49 localhost systemd[1]: Found device /dev/mapper/ao-root.
Oct 13 20:38:49 localhost systemd[1]: Reached target Initrd Root Device.
Oct 13 20:38:49 localhost systemd[1]: Found device /dev/mapper/ao-swap.
Oct 13 20:38:49 localhost systemd[1]: Starting Resume from hibernation using device /dev/mapper/ao-swap...
Oct 13 20:38:49 localhost systemd-hibernate-resume[537]: Could not resume from '/dev/mapper/ao-swap' (252:1).
Oct 13 20:38:49 localhost systemd[1]: systemd-hibernate-resume@dev-mapper-ao\x2dswap.service: Succeeded.
Oct 13 20:38:49 localhost systemd[1]: Started Resume from hibernation using device /dev/mapper/ao-swap.
Oct 13 20:38:49 localhost systemd[1]: Reached target Local File Systems (Pre).
Oct 13 20:38:49 localhost systemd[1]: Reached target Local File Systems.
Oct 13 20:38:49 localhost systemd[1]: Starting Create Volatile Files and Directories...
Oct 13 20:38:49 localhost systemd[1]: Started Create Volatile Files and Directories.
Oct 13 20:38:49 localhost systemd[1]: Reached target System Initialization.
Oct 13 20:38:49 localhost systemd[1]: Reached target Basic System.
Oct 13 20:38:49 localhost systemd[1]: Started dracut initqueue hook.
Oct 13 20:38:49 localhost systemd[1]: Starting File System Check on /dev/mapper/ao-root...
Oct 13 20:38:49 localhost systemd[1]: Reached target Remote File Systems (Pre).
Oct 13 20:38:49 localhost systemd[1]: Reached target Remote File Systems.
Oct 13 20:38:49 localhost kernel: random: crng init done
Oct 13 20:38:49 localhost kernel: random: 7 urandom warning(s) missed due to ratelimiting
Oct 13 20:38:49 localhost systemd-fsck[550]: /usr/sbin/fsck.xfs: XFS file system.
Oct 13 20:38:49 localhost systemd[1]: Started File System Check on /dev/mapper/ao-root.
Oct 13 20:38:49 localhost systemd[1]: Mounting /sysroot...
Oct 13 20:38:49 localhost kernel: SGI XFS with ACLs, security attributes, no debug enabled
Oct 13 20:38:49 localhost kernel: XFS (dm-0): Mounting V5 Filesystem
Oct 13 20:38:50 localhost kernel: XFS (dm-0): Ending clean mount
Oct 13 20:38:50 localhost systemd[1]: Mounted /sysroot.
Oct 13 20:38:50 localhost systemd[1]: Reached target Initrd Root File System.
Oct 13 20:38:50 localhost systemd[1]: Starting Reload Configuration from the Real Root...
Oct 13 20:38:50 localhost systemd[1]: Reloading.
Oct 13 20:38:50 localhost systemd[1]: initrd-parse-etc.service: Succeeded.
Oct 13 20:38:50 localhost systemd[1]: Started Reload Configuration from the Real Root.
Oct 13 20:38:50 localhost systemd[1]: Reached target Initrd File Systems.
Oct 13 20:38:50 localhost systemd[1]: Reached target Initrd Default Target.
Oct 13 20:38:50 localhost systemd[1]: Starting dracut pre-pivot and cleanup hook...
Oct 13 20:38:50 localhost systemd[1]: Started dracut pre-pivot and cleanup hook.
Oct 13 20:38:50 localhost systemd[1]: Starting Cleaning Up and Shutting Down Daemons...
Oct 13 20:38:50 localhost systemd[1]: Stopped target Timers.
Oct 13 20:38:50 localhost systemd[1]: Starting Setup Virtual Console...
Oct 13 20:38:50 localhost systemd[1]: dracut-pre-pivot.service: Succeeded.
Oct 13 20:38:50 localhost systemd[1]: Stopped dracut pre-pivot and cleanup hook.
Oct 13 20:38:50 localhost systemd[1]: Stopped target Remote File Systems.
Oct 13 20:38:50 localhost systemd[1]: Stopped target Remote File Systems (Pre).
Oct 13 20:38:50 localhost systemd[1]: dracut-initqueue.service: Succeeded.
Oct 13 20:38:50 localhost systemd[1]: Stopped dracut initqueue hook.
Oct 13 20:38:50 localhost systemd[1]: Stopped target Initrd Default Target.
Oct 13 20:38:50 localhost systemd[1]: Stopped target Initrd Root Device.
Oct 13 20:38:50 localhost systemd[1]: Stopped target Basic System.
Oct 13 20:38:50 localhost systemd[1]: Stopped target Paths.
Oct 13 20:38:50 localhost systemd[1]: Stopped target Sockets.
Oct 13 20:38:50 localhost systemd[1]: Stopped target Slices.
Oct 13 20:38:50 localhost systemd[1]: Starting Plymouth switch root service...
Oct 13 20:38:50 localhost systemd[1]: Stopped target System Initialization.
Oct 13 20:38:50 localhost systemd[1]: Stopping udev Kernel Device Manager...
Oct 13 20:38:50 localhost systemd[1]: systemd-tmpfiles-setup.service: Succeeded.
Oct 13 20:38:50 localhost systemd[1]: Stopped Create Volatile Files and Directories.
Oct 13 20:38:50 localhost systemd[1]: systemd-sysctl.service: Succeeded.
Oct 13 20:38:50 localhost systemd[1]: Stopped Apply Kernel Variables.
Oct 13 20:38:50 localhost systemd[1]: systemd-modules-load.service: Succeeded.
Oct 13 20:38:50 localhost systemd[1]: Stopped Load Kernel Modules.
Oct 13 20:38:50 localhost systemd[1]: Stopped target Local File Systems.
Oct 13 20:38:50 localhost systemd[1]: Stopped target Local File Systems (Pre).
Oct 13 20:38:50 localhost systemd[1]: systemd-udev-trigger.service: Succeeded.
Oct 13 20:38:50 localhost systemd[1]: Stopped udev Coldplug all Devices.
Oct 13 20:38:50 localhost systemd[1]: Stopped target Swap.
Oct 13 20:38:50 localhost systemd[1]: initrd-cleanup.service: Succeeded.
Oct 13 20:38:50 localhost systemd[1]: Started Cleaning Up and Shutting Down Daemons.
Oct 13 20:38:50 localhost systemd[1]: systemd-udevd.service: Succeeded.
Oct 13 20:38:50 localhost systemd[1]: Stopped udev Kernel Device Manager.
Oct 13 20:38:50 localhost systemd[1]: systemd-tmpfiles-setup-dev.service: Succeeded.
Oct 13 20:38:50 localhost systemd[1]: Stopped Create Static Device Nodes in /dev.
Oct 13 20:38:50 localhost systemd[1]: kmod-static-nodes.service: Succeeded.
Oct 13 20:38:50 localhost systemd[1]: Stopped Create list of required static device nodes for the current kernel.
Oct 13 20:38:50 localhost systemd[1]: dracut-pre-udev.service: Succeeded.
Oct 13 20:38:50 localhost systemd[1]: Stopped dracut pre-udev hook.
Oct 13 20:38:50 localhost systemd[1]: dracut-cmdline.service: Succeeded.
Oct 13 20:38:50 localhost systemd[1]: Stopped dracut cmdline hook.
Oct 13 20:38:50 localhost systemd[1]: systemd-udevd-control.socket: Succeeded.
Oct 13 20:38:50 localhost systemd[1]: Closed udev Control Socket.
Oct 13 20:38:50 localhost systemd[1]: systemd-udevd-kernel.socket: Succeeded.
Oct 13 20:38:50 localhost systemd[1]: Closed udev Kernel Socket.
Oct 13 20:38:50 localhost systemd[1]: Starting Cleanup udevd DB...
Oct 13 20:38:50 localhost systemd[1]: initrd-udevadm-cleanup-db.service: Succeeded.
Oct 13 20:38:50 localhost systemd[1]: Started Cleanup udevd DB.
Oct 13 20:38:50 localhost systemd-vconsole-setup[630]: KD_FONT_OP_GET failed while trying to get the font metadata: Invalid argument
Oct 13 20:38:50 localhost systemd-vconsole-setup[630]: Fonts will not be copied to remaining consoles
Oct 13 20:38:50 localhost systemd[1]: systemd-vconsole-setup.service: Succeeded.
Oct 13 20:38:50 localhost systemd[1]: Started Setup Virtual Console.
Oct 13 20:38:50 localhost systemd[1]: Reached target Switch Root.
Oct 13 20:38:50 localhost systemd[1]: Started Plymouth switch root service.
Oct 13 20:38:50 localhost systemd[1]: Starting Switch Root...
Oct 13 20:38:50 localhost systemd[1]: Switching root.
Oct 13 20:38:50 localhost systemd-journald[240]: Journal stopped
Oct 13 20:38:56 localhost kernel: systemd: 17 output lines suppressed due to ratelimiting
Oct 13 20:38:56 localhost kernel: SELinux:  Disabled at runtime.
Oct 13 20:38:56 localhost kernel: audit: type=1404 audit(1665664731.911:2): enforcing=0 old_enforcing=0 auid=4294967295 ses=4294967295 enabled=0 old-enabled=1 lsm=selinux res=1
Oct 13 20:38:56 localhost systemd[1]: systemd 239 (239-58.0.1.an8) running in system mode. (+PAM +AUDIT +SELINUX +IMA -APPARMOR +SMACK +SYSVINIT +UTMP +LIBCRYPTSETUP +GCRYPT +GNUTLS +ACL +XZ +LZ4 +SECCOMP +BLKID +ELFUTILS +KMOD +IDN2 -IDN +PCRE2 default-hierarchy=legacy)
Oct 13 20:38:56 localhost systemd[1]: Detected virtualization oracle.
Oct 13 20:38:56 localhost systemd[1]: Detected architecture x86-64.
Oct 13 20:38:56 localhost systemd[1]: Set hostname to <localhost.localdomain>.
Oct 13 20:38:56 localhost systemd[1]: systemd-journald.service: Succeeded.
Oct 13 20:38:56 localhost systemd[1]: initrd-switch-root.service: Succeeded.
Oct 13 20:38:56 localhost systemd[1]: Stopped Switch Root.
Oct 13 20:38:56 localhost systemd[1]: systemd-journald.service: Service has no hold-off time (RestartSec=0), scheduling restart.
Oct 13 20:38:56 localhost systemd[1]: systemd-journald.service: Scheduled restart job, restart counter is at 1.
Oct 13 20:38:56 localhost systemd[1]: Stopped Journal Service.
Oct 13 20:38:56 localhost systemd-journald[670]: Journal started
Oct 13 20:38:56 localhost systemd-journald[670]: Runtime journal (/run/log/journal/da1bcecd0dea4c3e968e27629d75256b) is 8.0M, max 386.9M, 378.9M free.
Oct 13 20:38:56 localhost kernel: Adding 6291452k swap on /dev/mapper/ao-swap.  Priority:-2 extents:1 across:6291452k FS
Oct 13 20:38:56 localhost systemd[1]: Mounted Kernel Debug File System.
Oct 13 20:38:56 localhost systemd[1]: Mounted Huge Pages File System.
Oct 13 20:38:56 localhost systemd[1]: Started Read and set NIS domainname from /etc/sysconfig/network.
Oct 13 20:38:56 localhost systemd[1]: Mounted POSIX Message Queue File System.
Oct 13 20:38:56 localhost systemd[1]: Reached target Swap.
Oct 13 20:38:56 localhost lvm[686]:  2 logical volume(s) in volume group "ao" monitored
Oct 13 20:38:56 localhost systemd[1]: Started Monitoring of LVM2 mirrors, snapshots etc. using dmeventd or progress polling.
Oct 13 20:38:56 localhost systemd[1]: Started Create list of required static device nodes for the current kernel.
Oct 13 20:38:56 localhost systemd[1]: Started Remount Root and Kernel File Systems.
Oct 13 20:38:56 localhost systemd[1]: Starting Load/Save Random Seed...
Oct 13 20:38:56 localhost systemd[1]: Starting Rebuild Hardware Database...
Oct 13 20:38:56 localhost systemd[1]: Starting Flush Journal to Persistent Storage...
Oct 13 20:38:56 localhost systemd[1]: Starting Create System Users...
Oct 13 20:38:56 localhost systemd[1]: Started Load/Save Random Seed.
Oct 13 20:38:56 localhost systemd[1]: Started udev Coldplug all Devices.
Oct 13 20:38:56 localhost systemd[1]: Starting udev Wait for Complete Device Initialization...
Oct 13 20:38:56 localhost systemd-journald[670]: Runtime journal (/run/log/journal/da1bcecd0dea4c3e968e27629d75256b) is 8.0M, max 386.9M, 378.9M free.
Oct 13 20:38:56 localhost systemd[1]: Started Flush Journal to Persistent Storage.
Oct 13 20:38:56 localhost systemd-modules-load[674]: Module 'msr' is builtin
Oct 13 20:38:56 localhost systemd[1]: Started Load Kernel Modules.
Oct 13 20:38:56 localhost systemd[1]: Starting Apply Kernel Variables...
Oct 13 20:38:56 localhost systemd[1]: Mounting FUSE Control File System...
Oct 13 20:38:56 localhost systemd[1]: Mounted FUSE Control File System.
Oct 13 20:38:56 localhost systemd[1]: Started Create System Users.
Oct 13 20:38:56 localhost systemd[1]: Starting Create Static Device Nodes in /dev...
Oct 13 20:38:57 localhost systemd-vconsole-setup[679]: KD_FONT_OP_GET failed while trying to get the font metadata: Invalid argument
Oct 13 20:38:57 localhost systemd-vconsole-setup[679]: Fonts will not be copied to remaining consoles
Oct 13 20:38:57 localhost systemd[1]: systemd-vconsole-setup.service: Succeeded.
Oct 13 20:38:57 localhost systemd[1]: Started Setup Virtual Console.
Oct 13 20:38:57 localhost systemd-sysctl[706]: Couldn't write '1' to 'vm/unprivileged_userfaultfd', ignoring: No such file or directory
Oct 13 20:38:57 localhost systemd[1]: Started Apply Kernel Variables.
Oct 13 20:38:58 localhost systemd[1]: Started Rebuild Hardware Database.
Oct 13 20:38:58 localhost systemd[1]: Started Create Static Device Nodes in /dev.
Oct 13 20:38:58 localhost systemd[1]: Starting udev Kernel Device Manager...
Oct 13 20:38:59 localhost systemd[1]: Started udev Kernel Device Manager.
Oct 13 20:38:59 localhost kernel: ACPI: Video Device [GFX0] (multi-head: yes  rom: no  post: no)
Oct 13 20:38:59 localhost kernel: input: Video Bus as /devices/LNXSYSTM:00/LNXSYBUS:00/PNP0A03:00/LNXVIDEO:00/input/input4
Oct 13 20:38:59 localhost kernel: input: PC Speaker as /devices/platform/pcspkr/input/input5
Oct 13 20:38:59 localhost systemd-udevd[730]: link_config: autonegotiation is unset or enabled, the speed and duplex are not writable.
Oct 13 20:38:59 localhost systemd-udevd[725]: Using default interface naming scheme 'rhel-8.0'.
Oct 13 20:38:59 localhost systemd-udevd[725]: link_config: autonegotiation is unset or enabled, the speed and duplex are not writable.
Oct 13 20:38:59 localhost kernel: piix4_smbus 0000:00:07.0: SMBus Host Controller at 0x4100, revision 0
Oct 13 20:38:59 localhost kernel: AVX2 version of gcm_enc/dec engaged.
Oct 13 20:38:59 localhost kernel: AES CTR mode by8 optimization enabled
Oct 13 20:38:59 localhost kernel: input: ImExPS/2 Generic Explorer Mouse as /devices/platform/i8042/serio1/input/input6
Oct 13 20:38:59 localhost kernel: mousedev: PS/2 mouse device common for all mice
Oct 13 20:38:59 localhost kernel: alg: No test for pcbc(aes) (pcbc-aes-aesni)
Oct 13 20:38:59 localhost systemd[1]: Condition check resulted in VBOX_HARDDISK 2 being skipped.
Oct 13 20:38:59 localhost systemd[1]: Created slice system-lvm2\x2dpvscan.slice.
Oct 13 20:38:59 localhost systemd[1]: Starting LVM event activation on device 8:2...
Oct 13 20:38:59 localhost lvm[852]:  pvscan[852] PV /dev/sda2 online, VG ao is complete.
Oct 13 20:38:59 localhost lvm[852]:  pvscan[852] VG ao run autoactivation.
Oct 13 20:39:00 localhost lvm[852]:  3 logical volume(s) in volume group "ao" now active
Oct 13 20:39:00 localhost systemd[1]: Found device /dev/mapper/ao-home.
Oct 13 20:39:00 localhost systemd[1]: Started LVM event activation on device 8:2.
Oct 13 20:39:00 localhost kernel: snd_intel8x0 0000:00:05.0: white list rate for 1028:0177 is 48000
Oct 13 20:39:00 localhost systemd[1]: Started udev Wait for Complete Device Initialization.
Oct 13 20:39:00 localhost systemd[1]: Reached target Local File Systems (Pre).
Oct 13 20:39:00 localhost systemd[1]: Mounting /boot...
Oct 13 20:39:00 localhost systemd[1]: Mounting /home...
Oct 13 20:39:00 localhost kernel: XFS (sda1): Mounting V5 Filesystem
Oct 13 20:39:00 localhost kernel: XFS (dm-2): Mounting V5 Filesystem
Oct 13 20:39:01 localhost kernel: XFS (dm-2): Ending clean mount
Oct 13 20:39:01 localhost systemd[1]: Mounted /home.
Oct 13 20:39:01 localhost kernel: XFS (sda1): Ending clean mount
Oct 13 20:39:01 localhost systemd[1]: Mounted /boot.
Oct 13 20:39:01 localhost systemd[1]: Reached target Local File Systems.
Oct 13 20:39:01 localhost systemd[1]: Starting Tell Plymouth To Write Out Runtime Data...
Oct 13 20:39:01 localhost systemd[1]: Starting Rebuild Journal Catalog...
Oct 13 20:39:01 localhost systemd[1]: Starting Restore /run/initramfs on shutdown...
Oct 13 20:39:01 localhost systemd[1]: Starting Mark the need to relabel after reboot...
Oct 13 20:39:01 localhost systemd[1]: Starting Rebuild Dynamic Linker Cache...
Oct 13 20:39:01 localhost systemd[1]: Starting Import network configuration from initramfs...
Oct 13 20:39:01 localhost systemd[1]: Started Restore /run/initramfs on shutdown.
Oct 13 20:39:01 localhost systemd[1]: Started Mark the need to relabel after reboot.
Oct 13 20:39:01 localhost systemd[1]: Received SIGRTMIN+20 from PID 421 (plymouthd).
Oct 13 20:39:01 localhost systemd[1]: Started Tell Plymouth To Write Out Runtime Data.
Oct 13 20:39:01 localhost systemd[1]: Started Import network configuration from initramfs.
Oct 13 20:39:01 localhost systemd[1]: Starting Create Volatile Files and Directories...
Oct 13 20:39:01 localhost systemd[1]: Started Rebuild Journal Catalog.
Oct 13 20:39:01 localhost systemd[1]: Started Create Volatile Files and Directories.
Oct 13 20:39:01 localhost systemd[1]: Mounting RPC Pipe File System...
Oct 13 20:39:01 localhost systemd[1]: Starting Update UTMP about System Boot/Shutdown...
Oct 13 20:39:01 localhost systemd[1]: Starting RPC Bind...
Oct 13 20:39:02 localhost systemd[1]: Started Update UTMP about System Boot/Shutdown.
Oct 13 20:39:02 localhost kernel: RPC: Registered named UNIX socket transport module.
Oct 13 20:39:02 localhost kernel: RPC: Registered udp transport module.
Oct 13 20:39:02 localhost kernel: RPC: Registered tcp transport module.
Oct 13 20:39:02 localhost kernel: RPC: Registered tcp NFSv4.1 backchannel transport module.
Oct 13 20:39:02 localhost systemd[1]: Mounted RPC Pipe File System.
Oct 13 20:39:02 localhost systemd[1]: Reached target rpc_pipefs.target.
Oct 13 20:39:02 localhost systemd[1]: Started RPC Bind.
Oct 13 20:39:09 localhost systemd[1]: Started Rebuild Dynamic Linker Cache.
Oct 13 20:39:09 localhost systemd[1]: Starting Update is Completed...
Oct 13 20:39:09 localhost systemd[1]: Started Update is Completed.
Oct 13 20:39:09 localhost systemd[1]: Reached target System Initialization.
Oct 13 20:39:09 localhost systemd[1]: Started CUPS Scheduler.
Oct 13 20:39:09 localhost systemd[1]: Reached target Paths.
Oct 13 20:39:09 localhost systemd[1]: Listening on CUPS Scheduler.
Oct 13 20:39:09 localhost systemd[1]: Started dnf makecache --timer.
Oct 13 20:39:09 localhost systemd[1]: Started Daily Cleanup of Temporary Directories.
Oct 13 20:39:09 localhost systemd[1]: Listening on Open-iSCSI iscsid Socket.
Oct 13 20:39:09 localhost systemd[1]: Started daily update of the root trust anchor for DNSSEC.
Oct 13 20:39:09 localhost systemd[1]: Reached target Timers.
Oct 13 20:39:09 localhost systemd[1]: Listening on Avahi mDNS/DNS-SD Stack Activation Socket.
Oct 13 20:39:09 localhost systemd[1]: Listening on SSSD Kerberos Cache Manager responder socket.
Oct 13 20:39:09 localhost systemd[1]: Listening on D-Bus System Message Bus Socket.
Oct 13 20:39:09 localhost systemd[1]: Listening on Virtual machine log manager socket.
Oct 13 20:39:09 localhost systemd[1]: Listening on Open-iSCSI iscsiuio Socket.
Oct 13 20:39:09 localhost systemd[1]: Listening on Libvirt local socket.
Oct 13 20:39:09 localhost systemd[1]: Listening on Libvirt admin socket.
Oct 13 20:39:09 localhost systemd[1]: Listening on Libvirt local read-only socket.
Oct 13 20:39:09 localhost systemd[1]: Listening on Virtual machine lock manager socket.
Oct 13 20:39:09 localhost systemd[1]: Reached target Sockets.
Oct 13 20:39:09 localhost systemd[1]: Reached target Basic System.
Oct 13 20:39:09 localhost systemd[1]: Starting OpenSSH ed25519 Server Key Generation...
Oct 13 20:39:09 localhost systemd[1]: Starting Authorization Manager...
Oct 13 20:39:09 localhost systemd[1]: Started D-Bus System Message Bus.
Oct 13 20:39:09 localhost systemd[1]: Started libstoragemgmt plug-in server daemon.
Oct 13 20:39:09 localhost systemd[1]: Starting Virtual Machine and Container Registration Service...
Oct 13 20:39:09 localhost systemd[1]: Starting Avahi mDNS/DNS-SD Stack...
Oct 13 20:39:09 localhost systemd[1]: Started irqbalance daemon.
Oct 13 20:39:09 localhost systemd[1]: Starting VDO volume services...
Oct 13 20:39:09 localhost systemd[1]: Starting Initial Setup configuration program...
Oct 13 20:39:09 localhost systemd[1]: Starting OpenSSH ecdsa Server Key Generation...
Oct 13 20:39:09 localhost avahi-daemon[926]: Found user 'avahi' (UID 70) and group 'avahi' (GID 70).
Oct 13 20:39:09 localhost systemd[1]: Starting Self Monitoring and Reporting Technology (SMART) Daemon...
Oct 13 20:39:09 localhost systemd[1]: Started Manage Sound Card State (restore and store).
Oct 13 20:39:09 localhost systemd[1]: Reached target Sound Card.
Oct 13 20:39:09 localhost alsactl[933]: alsactl 1.2.6 daemon started
Oct 13 20:39:09 localhost alsactl[933]: /usr/sbin/alsactl: load_state:1689: Cannot open /var/lib/alsa/asound.state for reading: No such file or directory
Oct 13 20:39:09 localhost alsactl[933]: alsa-lib main.c:1412:(snd_use_case_mgr_open) error: failed to import hw:0 use case configuration -2
Oct 13 20:39:09 localhost alsactl[933]: Found hardware: "ICH" "Analog Devices AD1980" "AC97a:41445370" "0x1028" "0x0177"
Oct 13 20:39:09 localhost alsactl[933]: Hardware is initialized using a generic method
Oct 13 20:39:09 localhost systemd[1]: Starting NTP client/server...
Oct 13 20:39:09 localhost systemd[1]: Starting RealtimeKit Scheduling Policy Service...
Oct 13 20:39:09 localhost systemd[1]: Starting Kernel Samepage Merging...
Oct 13 20:39:09 localhost systemd[1]: Starting System Security Services Daemon...
Oct 13 20:39:09 localhost systemd[1]: Starting OpenSSH rsa Server Key Generation...
Oct 13 20:39:09 localhost systemd[1]: Starting Disk Manager...
Oct 13 20:39:09 localhost systemd[1]: Started Machine Check Exception Logging Daemon.
Oct 13 20:39:09 localhost systemd[1]: Received SIGRTMIN+21 from PID 930 (n/a).
Oct 13 20:39:09 localhost chronyd[951]: chronyd version 4.1 starting (+CMDMON +NTP +REFCLOCK +RTC +PRIVDROP +SCFILTER +SIGND +ASYNCDNS +NTS +SECHASH +IPV6 +DEBUG)
Oct 13 20:39:10 localhost smartd[932]: smartd 7.1 2020-04-05 r5049 [x86_64-linux-4.19.91-26.an8.x86_64] (local build)
Oct 13 20:39:10 localhost smartd[932]: Copyright (C) 2002-19, Bruce Allen, Christian Franke, www.smartmontools.org
Oct 13 20:39:10 localhost smartd[932]: Opened configuration file /etc/smartmontools/smartd.conf
Oct 13 20:39:10 localhost smartd[932]: Configuration file /etc/smartmontools/smartd.conf was parsed, found DEVICESCAN, scanning devices
Oct 13 20:39:10 localhost smartd[932]: Device: /dev/sda, type changed from 'scsi' to 'sat'
Oct 13 20:39:10 localhost smartd[932]: Device: /dev/sda [SAT], opened
Oct 13 20:39:10 localhost chronyd[951]: Using right/UTC timezone to obtain leap second data
Oct 13 20:39:10 localhost smartd[932]: Device: /dev/sda [SAT], VBOX HARDDISK, S/N:VBf11d96f2-cb234ffb, FW:1.0, 64.4 GB
Oct 13 20:39:10 localhost smartd[932]: Device: /dev/sda [SAT], not found in smartd database.
Oct 13 20:39:10 localhost smartd[932]: Device: /dev/sda [SAT], lacks SMART capability
Oct 13 20:39:10 localhost smartd[932]: Device: /dev/sda [SAT], to proceed anyway, use '-T permissive' Directive.
Oct 13 20:39:10 localhost smartd[932]: Monitoring 0 ATA/SATA, 0 SCSI/SAS and 0 NVMe devices
Oct 13 20:39:10 localhost journal[945]: udisks daemon version 2.9.0 starting
Oct 13 20:39:15 localhost systemd[1]: Started Self Monitoring and Reporting Technology (SMART) Daemon.
Oct 13 20:39:15 localhost systemd[1]: sshd-keygen@ed25519.service: Succeeded.
Oct 13 20:39:15 localhost systemd[1]: Started OpenSSH ed25519 Server Key Generation.
Oct 13 20:39:15 localhost systemd[1]: sshd-keygen@ecdsa.service: Succeeded.
Oct 13 20:39:15 localhost systemd[1]: Started OpenSSH ecdsa Server Key Generation.
Oct 13 20:39:15 localhost systemd[1]: Started Kernel Samepage Merging.
Oct 13 20:39:15 localhost systemd[1]: sshd-keygen@rsa.service: Succeeded.
Oct 13 20:39:15 localhost systemd[1]: Started OpenSSH rsa Server Key Generation.
Oct 13 20:39:15 localhost systemd[1]: Received SIGRTMIN+21 from PID 421 (n/a).
Oct 13 20:39:15 localhost systemd[1]: Received SIGRTMIN+21 from PID 421 (n/a).
Oct 13 20:39:15 localhost avahi-daemon[926]: Successfully dropped root privileges.
Oct 13 20:39:15 localhost avahi-daemon[926]: avahi-daemon 0.7 starting up.
Oct 13 20:39:15 localhost systemd[1]: Started Virtual Machine and Container Registration Service.
Oct 13 20:39:15 localhost avahi-daemon[926]: WARNING: No NSS support for mDNS detected, consider installing nss-mdns!
Oct 13 20:39:15 localhost systemd[1]: Started RealtimeKit Scheduling Policy Service.
Oct 13 20:39:15 localhost avahi-daemon[926]: Successfully called chroot().
Oct 13 20:39:15 localhost avahi-daemon[926]: Successfully dropped remaining capabilities.
Oct 13 20:39:15 localhost systemd[1]: Starting Kernel Samepage Merging (KSM) Tuning Daemon...
Oct 13 20:39:15 localhost systemd[1]: Reached target sshd-keygen.target.
Oct 13 20:39:15 localhost avahi-daemon[926]: No service file found in /etc/avahi/services.
Oct 13 20:39:15 localhost systemd[1]: Started Avahi mDNS/DNS-SD Stack.
Oct 13 20:39:15 localhost avahi-daemon[926]: System host name is set to 'localhost'. This is not a suitable mDNS host name, looking for alternatives.
Oct 13 20:39:15 localhost avahi-daemon[926]: Network interface enumeration completed.
Oct 13 20:39:15 localhost avahi-daemon[926]: Server startup complete. Host name is linux.local. Local service cookie is 3063874680.
Oct 13 20:39:15 localhost polkitd[922]: Started polkitd version 0.115
Oct 13 20:39:15 localhost systemd[1]: Started NTP client/server.
Oct 13 20:39:15 localhost initial-setup[986]: Starting Initial Setup GUI
Oct 13 20:39:16 localhost dbus-daemon[923]: [system] Activating via systemd: service name='org.freedesktop.PolicyKit1' unit='polkit.service' requested by ':1.6' (uid=0 pid=945 comm="/usr/libexec/udisks2/udisksd ")
Oct 13 20:39:16 localhost systemd[1]: Started Kernel Samepage Merging (KSM) Tuning Daemon.
Oct 13 20:39:18 localhost run-initial-setup[988]: X.Org X Server 1.20.11
Oct 13 20:39:18 localhost run-initial-setup[988]: X Protocol Version 11, Revision 0
Oct 13 20:39:18 localhost run-initial-setup[988]: Build Operating System:  4.18.0-193.28.1.el8_2.x86_64
Oct 13 20:39:18 localhost run-initial-setup[988]: Current Operating System: Linux localhost.localdomain 4.19.91-26.an8.x86_64 #1 SMP Tue May 24 13:10:09 CST 2022 x86_64
Oct 13 20:39:18 localhost run-initial-setup[988]: Kernel command line: BOOT_IMAGE=(hd0,msdos1)/vmlinuz-4.19.91-26.an8.x86_64 root=/dev/mapper/ao-root ro crashkernel=auto resume=/dev/mapper/ao-swap rd.lvm.lv=ao/root rd.lvm.lv=ao/swap rhgb quiet crashkernel=0M-2G:0M,2G-8G:192M,8G-:256M
Oct 13 20:39:18 localhost run-initial-setup[988]: Build Date: 07 July 2022  04:28:38PM
Oct 13 20:39:18 localhost run-initial-setup[988]: Build ID: xorg-x11-server 1.20.11-5.an8_6.2
Oct 13 20:39:18 localhost run-initial-setup[988]: Current version of pixman: 0.38.4
Oct 13 20:39:18 localhost run-initial-setup[988]: #011Before reporting problems, check http://wiki.x.org
Oct 13 20:39:18 localhost run-initial-setup[988]: #011to make sure that you have the latest version.
Oct 13 20:39:18 localhost run-initial-setup[988]: Markers: (--) probed, (**) from config file, (==) default setting,
Oct 13 20:39:18 localhost run-initial-setup[988]: #011(++) from command line, (!!) notice, (II) informational,
Oct 13 20:39:18 localhost run-initial-setup[988]: #011(WW) warning, (EE) error, (NI) not implemented, (??) unknown.
Oct 13 20:39:18 localhost run-initial-setup[988]: (==) Log file: "/var/log/Xorg.9.log", Time: Thu Oct 13 20:39:18 2022
Oct 13 20:39:18 localhost sssd[943]: Starting up
Oct 13 20:39:18 localhost run-initial-setup[988]: (==) Using config directory: "/etc/X11/xorg.conf.d"
Oct 13 20:39:18 localhost run-initial-setup[988]: (==) Using system config directory "/usr/share/X11/xorg.conf.d"
Oct 13 20:39:25 localhost dbus-daemon[923]: [system] Successfully activated service 'org.freedesktop.PolicyKit1'
Oct 13 20:39:25 localhost systemd[1]: Started Authorization Manager.
Oct 13 20:39:25 localhost systemd[1]: Starting firewalld - dynamic firewall daemon...
Oct 13 20:39:25 localhost systemd[1]: Starting Modem Manager...
Oct 13 20:39:27 localhost ModemManager[1006]: <info>  ModemManager (version 1.18.2-1.an8) starting in system bus...
Oct 13 20:39:28 localhost sssd_be[1018]: Starting up
Oct 13 20:39:30 localhost sssd_nss[1027]: Starting up
Oct 13 20:39:31 localhost systemd[1]: Started System Security Services Daemon.
Oct 13 20:39:31 localhost systemd[1]: Reached target User and Group Name Lookups.
Oct 13 20:39:31 localhost systemd[1]: Starting Login Service...
Oct 13 20:39:31 localhost systemd[1]: Starting Accounts Service...
Oct 13 20:39:31 localhost systemd[1]: Started Disk Manager.
Oct 13 20:39:31 localhost systemd-logind[1042]: New seat seat0.
Oct 13 20:39:31 localhost systemd-logind[1042]: Watching system buttons on /dev/input/event0 (Power Button)
Oct 13 20:39:31 localhost systemd-logind[1042]: Watching system buttons on /dev/input/event1 (Sleep Button)
Oct 13 20:39:31 localhost systemd-logind[1042]: Watching system buttons on /dev/input/event2 (AT Translated Set 2 keyboard)
Oct 13 20:39:31 localhost systemd[1]: Started Login Service.
Oct 13 20:39:32 localhost systemd[1]: Started VDO volume services.
Oct 13 20:39:32 localhost journal[945]: Acquired the name org.freedesktop.UDisks2 on the system message bus
Oct 13 20:39:32 localhost accounts-daemon[1043]: started daemon version 0.6.55
Oct 13 20:39:32 localhost systemd[1]: Started Accounts Service.
Oct 13 20:39:32 localhost systemd[1]: Started Modem Manager.
Oct 13 20:39:33 localhost run-initial-setup[988]: VMware: No 3D enabled (0, Success).
Oct 13 20:39:34 localhost systemd[1]: Started firewalld - dynamic firewall daemon.
Oct 13 20:39:34 localhost systemd[1]: Reached target Network (Pre).
Oct 13 20:39:34 localhost systemd[1]: Starting Network Manager...
Oct 13 20:39:34 localhost NetworkManager[1113]: <info>  [1665664774.3840] NetworkManager (version 1.36.0-7.0.1.an8_6) is starting... (for the first time)
Oct 13 20:39:34 localhost NetworkManager[1113]: <info>  [1665664774.3841] Read config: /etc/NetworkManager/NetworkManager.conf (lib: 00-server.conf)
Oct 13 20:39:34 localhost systemd[1]: Started Network Manager.
Oct 13 20:39:34 localhost NetworkManager[1113]: <info>  [1665664774.3856] bus-manager: acquired D-Bus service "org.freedesktop.NetworkManager"
Oct 13 20:39:34 localhost systemd[1]: Reached target Network.
Oct 13 20:39:34 localhost systemd[1]: Starting CUPS Scheduler...
Oct 13 20:39:34 localhost systemd[1]: Starting OpenSSH server daemon...
Oct 13 20:39:34 localhost systemd[1]: Starting GSSAPI Proxy Daemon...
Oct 13 20:39:34 localhost systemd[1]: Starting Dynamic System Tuning Daemon...
Oct 13 20:39:34 localhost systemd[1]: Starting Logout off all iSCSI sessions on shutdown...
Oct 13 20:39:34 localhost systemd[1]: Starting Network Manager Wait Online...
Oct 13 20:39:34 localhost systemd[1]: Started Logout off all iSCSI sessions on shutdown.
Oct 13 20:39:34 localhost NetworkManager[1113]: <info>  [1665664774.4934] manager[0x55a485790000]: monitoring kernel firmware directory '/lib/firmware'.
Oct 13 20:39:34 localhost dbus-daemon[923]: [system] Activating via systemd: service name='org.freedesktop.hostname1' unit='dbus-org.freedesktop.hostname1.service' requested by ':1.15' (uid=0 pid=1113 comm="/usr/sbin/NetworkManager --no-daemon ")
Oct 13 20:39:34 localhost systemd[1]: Starting Hostname Service...
Oct 13 20:39:34 localhost systemd[1]: Started OpenSSH server daemon.
Oct 13 20:39:34 localhost dbus-daemon[923]: [system] Successfully activated service 'org.freedesktop.hostname1'
Oct 13 20:39:34 localhost systemd[1]: Started Hostname Service.
Oct 13 20:39:34 localhost NetworkManager[1113]: <info>  [1665664774.7944] hostname: hostname: using hostnamed
Oct 13 20:39:34 localhost NetworkManager[1113]: <info>  [1665664774.7944] hostname: static hostname changed from (none) to "localhost.localdomain"
Oct 13 20:39:34 localhost NetworkManager[1113]: <info>  [1665664774.7946] dns-mgr[0x55a48576e250]: init: dns=default,systemd-resolved rc-manager=symlink
Oct 13 20:39:34 localhost systemd[1]: Started GSSAPI Proxy Daemon.
Oct 13 20:39:34 localhost systemd[1]: Reached target NFS client services.
Oct 13 20:39:34 localhost NetworkManager[1113]: <info>  [1665664774.9696] Loaded device plugin: NMAtmManager (/usr/lib64/NetworkManager/1.36.0-7.0.1.an8_6/libnm-device-plugin-adsl.so)
Oct 13 20:39:35 localhost ModemManager[1006]: <info>  [base-manager] couldn't check support for device '/sys/devices/pci0000:00/0000:00:03.0': not supported by any plugin
Oct 13 20:39:35 localhost NetworkManager[1113]: <info>  [1665664775.0738] Loaded device plugin: NMBluezManager (/usr/lib64/NetworkManager/1.36.0-7.0.1.an8_6/libnm-device-plugin-bluetooth.so)
Oct 13 20:39:35 localhost NetworkManager[1113]: <info>  [1665664775.1068] Loaded device plugin: NMWifiFactory (/usr/lib64/NetworkManager/1.36.0-7.0.1.an8_6/libnm-device-plugin-wifi.so)
Oct 13 20:39:35 localhost firewalld[1005]: WARNING: AllowZoneDrifting is enabled. This is considered an insecure configuration option. It will be removed in a future release. Please consider disabling it now.
Oct 13 20:39:35 localhost NetworkManager[1113]: <info>  [1665664775.1406] Loaded device plugin: NMWwanFactory (/usr/lib64/NetworkManager/1.36.0-7.0.1.an8_6/libnm-device-plugin-wwan.so)
Oct 13 20:39:35 localhost systemd[1]: Started CUPS Scheduler.
Oct 13 20:39:35 localhost NetworkManager[1113]: <info>  [1665664775.1963] Loaded device plugin: NMTeamFactory (/usr/lib64/NetworkManager/1.36.0-7.0.1.an8_6/libnm-device-plugin-team.so)
Oct 13 20:39:35 localhost NetworkManager[1113]: <info>  [1665664775.1965] manager: rfkill: Wi-Fi enabled by radio killswitch; enabled by state file
Oct 13 20:39:35 localhost NetworkManager[1113]: <info>  [1665664775.1965] manager: rfkill: WWAN enabled by radio killswitch; enabled by state file
Oct 13 20:39:35 localhost NetworkManager[1113]: <info>  [1665664775.1966] manager: Networking is enabled by state file
Oct 13 20:39:35 localhost dbus-daemon[923]: [system] Activating via systemd: service name='org.freedesktop.nm_dispatcher' unit='dbus-org.freedesktop.nm-dispatcher.service' requested by ':1.15' (uid=0 pid=1113 comm="/usr/sbin/NetworkManager --no-daemon ")
Oct 13 20:39:35 localhost systemd[1]: Starting Network Manager Script Dispatcher Service...
Oct 13 20:39:35 localhost dbus-daemon[923]: [system] Successfully activated service 'org.freedesktop.nm_dispatcher'
Oct 13 20:39:35 localhost systemd[1]: Started Network Manager Script Dispatcher Service.
Oct 13 20:39:35 localhost initial-setup[1160]: Running Metacity with custom overrides
Oct 13 20:39:35 localhost initial-setup[1163]: Running (/usr/libexec/initial-setup/initial-setup-graphical)
Oct 13 20:39:35 localhost NetworkManager[1113]: <info>  [1665664775.2868] settings: Loaded settings plugin: ifcfg-rh ("/usr/lib64/NetworkManager/1.36.0-7.0.1.an8_6/libnm-settings-plugin-ifcfg-rh.so")
Oct 13 20:39:35 localhost NetworkManager[1113]: <info>  [1665664775.2869] settings: Loaded settings plugin: keyfile (internal)
Oct 13 20:39:35 localhost NetworkManager[1113]: <info>  [1665664775.3467] dhcp-init: Using DHCP client 'internal'
Oct 13 20:39:35 localhost NetworkManager[1113]: <info>  [1665664775.3468] device (lo): carrier: link connected
Oct 13 20:39:35 localhost NetworkManager[1113]: <info>  [1665664775.3469] manager: (lo): new Generic device (/org/freedesktop/NetworkManager/Devices/1)
Oct 13 20:39:35 localhost NetworkManager[1113]: <info>  [1665664775.3474] manager: (enp0s3): new Ethernet device (/org/freedesktop/NetworkManager/Devices/2)
Oct 13 20:39:35 localhost NetworkManager[1113]: <info>  [1665664775.3476] device (enp0s3): state change: unmanaged -> unavailable (reason 'managed', sys-iface-state: 'external')
Oct 13 20:39:35 localhost kernel: IPv6: ADDRCONF(NETDEV_UP): enp0s3: link is not ready
Oct 13 20:39:35 localhost kernel: IPv6: ADDRCONF(NETDEV_UP): enp0s3: link is not ready
Oct 13 20:39:35 localhost kernel: e1000: enp0s3 NIC Link is Up 1000 Mbps Full Duplex, Flow Control: RX
Oct 13 20:39:35 localhost kernel: IPv6: ADDRCONF(NETDEV_CHANGE): enp0s3: link becomes ready
Oct 13 20:39:35 localhost NetworkManager[1113]: <info>  [1665664775.4233] device (enp0s3): carrier: link connected
Oct 13 20:39:35 localhost NetworkManager[1113]: <info>  [1665664775.4237] modem-manager: ModemManager available
Oct 13 20:39:35 localhost NetworkManager[1113]: <info>  [1665664775.4237] device (enp0s3): state change: unavailable -> disconnected (reason 'carrier-changed', sys-iface-state: 'managed')
Oct 13 20:39:35 localhost NetworkManager[1113]: <info>  [1665664775.4248] policy: auto-activating connection 'enp0s3' (2b61a04e-05a7-4827-af27-2045c348d6fc)
Oct 13 20:39:35 localhost NetworkManager[1113]: <info>  [1665664775.4251] device (enp0s3): Activation: starting connection 'enp0s3' (2b61a04e-05a7-4827-af27-2045c348d6fc)
Oct 13 20:39:35 localhost NetworkManager[1113]: <info>  [1665664775.4252] device (enp0s3): state change: disconnected -> prepare (reason 'none', sys-iface-state: 'managed')
Oct 13 20:39:35 localhost NetworkManager[1113]: <info>  [1665664775.4255] manager: NetworkManager state is now CONNECTING
Oct 13 20:39:35 localhost NetworkManager[1113]: <info>  [1665664775.4257] device (enp0s3): state change: prepare -> config (reason 'none', sys-iface-state: 'managed')
Oct 13 20:39:36 localhost systemd[1]: Started Dynamic System Tuning Daemon.
Oct 13 20:39:37 localhost dbus-daemon[1229]: [session uid=0 pid=1171] Activating service name='org.a11y.Bus' requested by ':1.0' (uid=0 pid=1161 comm="/usr/bin/metacity ")
Oct 13 20:39:37 localhost dbus-daemon[1229]: [session uid=0 pid=1171] Successfully activated service 'org.a11y.Bus'
Oct 13 20:39:37 localhost org.a11y.Bus[1236]: dbus-daemon[1236]: Activating service name='org.a11y.atspi.Registry' requested by ':1.0' (uid=0 pid=1161 comm="/usr/bin/metacity ")
Oct 13 20:39:37 localhost org.a11y.Bus[1236]: dbus-daemon[1236]: Successfully activated service 'org.a11y.atspi.Registry'
Oct 13 20:39:37 localhost org.a11y.Bus[1238]: SpiRegistry daemon is running with well-known name - org.a11y.atspi.Registry
Oct 13 20:39:39 localhost initial-setup[1164]: Initial Setup 0.3.81.7
Oct 13 20:39:39 localhost initial-setup[1164]: found 3 addon modules:
Oct 13 20:39:39 localhost anaconda[1164]: anaconda: misc: Writing a temporary configuration loaded from: ['/etc/anaconda/anaconda.conf', '/etc/initial-setup/conf.d/10-initial-setup.conf']
Oct 13 20:39:39 localhost anaconda[1164]: program: Running... dbus-daemon --print-address --syslog --config-file=/usr/share/anaconda/dbus/anaconda-bus.conf
Oct 13 20:39:39 localhost anaconda[1164]: anaconda: core.dbus: Connecting to the Anaconda bus at unix:abstract=/tmp/dbus-BNDWcoPW5b,guid=95e2a0ed1f1864129fb5230d6348070b.
Oct 13 20:39:39 localhost dbus-daemon[1299]: Activating service name='org.fedoraproject.Anaconda.Boss' requested by ':1.0' (uid=0 pid=1164 comm="/usr/libexec/platform-python /usr/libexec/initial-")
Oct 13 20:39:40 localhost org.fedoraproject.Anaconda.Boss[1304]: DEBUG:anaconda.modules.common:The configuration is loaded from: ['/run/anaconda/anaconda.conf']
Oct 13 20:39:40 localhost org.fedoraproject.Anaconda.Boss[1304]: WARNING:py.warnings:/usr/lib64/python3.6/site-packages/pyanaconda/core/util.py:33: DeprecationWarning: the imp module is deprecated in favour of importlib; see the module's documentation for alternative uses
Oct 13 20:39:40 localhost org.fedoraproject.Anaconda.Boss[1304]:  import imp
Oct 13 20:39:40 localhost NetworkManager[1113]: <info>  [1665664780.2803] device (enp0s3): state change: config -> ip-config (reason 'none', sys-iface-state: 'managed')
Oct 13 20:39:40 localhost NetworkManager[1113]: <info>  [1665664780.2813] dhcp4 (enp0s3): activation: beginning transaction (timeout in 45 seconds)
Oct 13 20:39:40 localhost avahi-daemon[926]: Joining mDNS multicast group on interface enp0s3.IPv6 with address fe80::a00:27ff:feff:eb1c.
Oct 13 20:39:40 localhost avahi-daemon[926]: New relevant interface enp0s3.IPv6 for mDNS.
Oct 13 20:39:40 localhost avahi-daemon[926]: Registering new address record for fe80::a00:27ff:feff:eb1c on enp0s3.*.
Oct 13 20:39:40 localhost NetworkManager[1113]: <info>  [1665664780.2961] dhcp4 (enp0s3): state changed new lease, address=10.0.2.15
Oct 13 20:39:40 localhost avahi-daemon[926]: Joining mDNS multicast group on interface enp0s3.IPv4 with address 10.0.2.15.
Oct 13 20:39:40 localhost avahi-daemon[926]: New relevant interface enp0s3.IPv4 for mDNS.
Oct 13 20:39:40 localhost avahi-daemon[926]: Registering new address record for 10.0.2.15 on enp0s3.IPv4.
Oct 13 20:39:40 localhost dbus-daemon[923]: [system] Activating via systemd: service name='org.freedesktop.resolve1' unit='dbus-org.freedesktop.resolve1.service' requested by ':1.15' (uid=0 pid=1113 comm="/usr/sbin/NetworkManager --no-daemon ")
Oct 13 20:39:40 localhost NetworkManager[1113]: <info>  [1665664780.2973] device (enp0s3): state change: ip-config -> ip-check (reason 'none', sys-iface-state: 'managed')
Oct 13 20:39:40 localhost dbus-daemon[923]: [system] Activation via systemd failed for unit 'dbus-org.freedesktop.resolve1.service': Unit dbus-org.freedesktop.resolve1.service not found.
Oct 13 20:39:40 localhost NetworkManager[1113]: <info>  [1665664780.2990] device (enp0s3): state change: ip-check -> secondaries (reason 'none', sys-iface-state: 'managed')
Oct 13 20:39:40 localhost NetworkManager[1113]: <info>  [1665664780.2992] device (enp0s3): state change: secondaries -> activated (reason 'none', sys-iface-state: 'managed')
Oct 13 20:39:40 localhost NetworkManager[1113]: <info>  [1665664780.2994] manager: NetworkManager state is now CONNECTED_LOCAL
Oct 13 20:39:40 localhost NetworkManager[1113]: <info>  [1665664780.2996] manager: NetworkManager state is now CONNECTED_SITE
Oct 13 20:39:40 localhost NetworkManager[1113]: <info>  [1665664780.2997] policy: set 'enp0s3' (enp0s3) as default for IPv4 routing and DNS
Oct 13 20:39:40 localhost NetworkManager[1113]: <info>  [1665664780.6564] device (enp0s3): Activation: successful, device activated.
Oct 13 20:39:40 localhost NetworkManager[1113]: <info>  [1665664780.6569] manager: NetworkManager state is now CONNECTED_GLOBAL
Oct 13 20:39:40 localhost NetworkManager[1113]: <info>  [1665664780.6573] manager: startup complete
Oct 13 20:39:40 localhost systemd[1]: Started Network Manager Wait Online.
Oct 13 20:39:40 localhost systemd[1]: Reached target Network is Online.
Oct 13 20:39:40 localhost systemd[1]: Reached target Remote File Systems (Pre).
Oct 13 20:39:40 localhost systemd[1]: Reached target Remote File Systems.
Oct 13 20:39:40 localhost systemd[1]: Starting Virtualization daemon...
Oct 13 20:39:40 localhost org.fedoraproject.Anaconda.Boss[1304]: DEBUG:anaconda.modules.common.base.base:Publish the service.
Oct 13 20:39:40 localhost systemd[1]: Starting Permit User Sessions...
Oct 13 20:39:40 localhost org.fedoraproject.Anaconda.Boss[1304]: DEBUG:dasbus.connection:Publishing an object at /org/fedoraproject/Anaconda/Boss.
Oct 13 20:39:40 localhost systemd[1]: Starting Crash recovery kernel arming...
Oct 13 20:39:40 localhost org.fedoraproject.Anaconda.Boss[1304]: INFO:anaconda.core.dbus:Connecting to the Anaconda bus at unix:abstract=/tmp/dbus-BNDWcoPW5b,guid=95e2a0ed1f1864129fb5230d6348070b.
Oct 13 20:39:40 localhost org.fedoraproject.Anaconda.Boss[1304]: DEBUG:dasbus.connection:Registering a service name org.fedoraproject.Anaconda.Boss.
Oct 13 20:39:40 localhost dbus-daemon[1299]: Successfully activated service 'org.fedoraproject.Anaconda.Boss'
Oct 13 20:39:40 localhost org.fedoraproject.Anaconda.Boss[1304]: DEBUG:anaconda.modules.common.base.base:Start the loop.
Oct 13 20:39:40 localhost org.fedoraproject.Anaconda.Boss[1304]: DEBUG:dasbus.connection:Publishing an object at /org/fedoraproject/Anaconda/Boss/Task/1.
Oct 13 20:39:40 localhost org.fedoraproject.Anaconda.Boss[1304]: INFO:anaconda.threading:Running Thread: AnaTaskThread-StartModulesTask-1 (140212510381824)
Oct 13 20:39:40 localhost org.fedoraproject.Anaconda.Boss[1304]: DEBUG:anaconda.modules.boss.module_manager.start_modules:Found org.fedoraproject.Anaconda.Modules.Timezone.
Oct 13 20:39:40 localhost org.fedoraproject.Anaconda.Boss[1304]: DEBUG:anaconda.modules.boss.module_manager.start_modules:Found org.fedoraproject.Anaconda.Modules.Network.
Oct 13 20:39:40 localhost org.fedoraproject.Anaconda.Boss[1304]: DEBUG:anaconda.modules.boss.module_manager.start_modules:Found org.fedoraproject.Anaconda.Modules.Localization.
Oct 13 20:39:40 localhost org.fedoraproject.Anaconda.Boss[1304]: DEBUG:anaconda.modules.boss.module_manager.start_modules:Found org.fedoraproject.Anaconda.Modules.Security.
Oct 13 20:39:40 localhost org.fedoraproject.Anaconda.Boss[1304]: DEBUG:anaconda.modules.boss.module_manager.start_modules:Found org.fedoraproject.Anaconda.Modules.Users.
Oct 13 20:39:40 localhost org.fedoraproject.Anaconda.Boss[1304]: DEBUG:anaconda.modules.boss.module_manager.start_modules:Found org.fedoraproject.Anaconda.Modules.Services.
Oct 13 20:39:40 localhost org.fedoraproject.Anaconda.Boss[1304]: DEBUG:anaconda.modules.boss.module_manager.start_modules:Starting org.fedoraproject.Anaconda.Modules.Timezone
Oct 13 20:39:40 localhost org.fedoraproject.Anaconda.Boss[1304]: DEBUG:anaconda.modules.boss.module_manager.start_modules:Starting org.fedoraproject.Anaconda.Modules.Network
Oct 13 20:39:40 localhost dbus-daemon[1299]: Activating service name='org.fedoraproject.Anaconda.Modules.Timezone' requested by ':1.1' (uid=0 pid=1304 comm="/usr/libexec/platform-python -m pyanaconda.modules")
Oct 13 20:39:40 localhost org.fedoraproject.Anaconda.Boss[1304]: DEBUG:anaconda.modules.boss.module_manager.start_modules:Starting org.fedoraproject.Anaconda.Modules.Localization
Oct 13 20:39:40 localhost org.fedoraproject.Anaconda.Boss[1304]: DEBUG:anaconda.modules.boss.module_manager.start_modules:Starting org.fedoraproject.Anaconda.Modules.Security
Oct 13 20:39:40 localhost dbus-daemon[1299]: Activating service name='org.fedoraproject.Anaconda.Modules.Network' requested by ':1.1' (uid=0 pid=1304 comm="/usr/libexec/platform-python -m pyanaconda.modules")
Oct 13 20:39:40 localhost org.fedoraproject.Anaconda.Boss[1304]: DEBUG:anaconda.modules.boss.module_manager.start_modules:Starting org.fedoraproject.Anaconda.Modules.Users
Oct 13 20:39:40 localhost org.fedoraproject.Anaconda.Boss[1304]: DEBUG:anaconda.modules.boss.module_manager.start_modules:Starting org.fedoraproject.Anaconda.Modules.Services
Oct 13 20:39:40 localhost dbus-daemon[1299]: Activating service name='org.fedoraproject.Anaconda.Modules.Localization' requested by ':1.1' (uid=0 pid=1304 comm="/usr/libexec/platform-python -m pyanaconda.modules")
Oct 13 20:39:40 localhost dbus-daemon[1299]: Activating service name='org.fedoraproject.Anaconda.Modules.Security' requested by ':1.1' (uid=0 pid=1304 comm="/usr/libexec/platform-python -m pyanaconda.modules")
Oct 13 20:39:40 localhost dbus-daemon[1299]: Activating service name='org.fedoraproject.Anaconda.Modules.Users' requested by ':1.1' (uid=0 pid=1304 comm="/usr/libexec/platform-python -m pyanaconda.modules")
Oct 13 20:39:40 localhost dbus-daemon[1299]: Activating service name='org.fedoraproject.Anaconda.Modules.Services' requested by ':1.1' (uid=0 pid=1304 comm="/usr/libexec/platform-python -m pyanaconda.modules")
Oct 13 20:39:40 localhost systemd[1]: Starting System Logging Service...
Oct 13 20:39:40 localhost systemd[1]: Starting Notify NFS peers of a restart...
Oct 13 20:39:40 localhost systemd[1]: iscsi.service: Unit cannot be reloaded because it is inactive.
Oct 13 20:39:40 localhost systemd[1]: Started Permit User Sessions.
Oct 13 20:39:40 localhost systemd[1]: Started Command Scheduler.
Oct 13 20:39:40 localhost systemd[1]: Started Job spooling tools.
Oct 13 20:39:40 localhost sm-notify[1346]: Version 2.3.3 starting
Oct 13 20:39:40 localhost org.fedoraproject.Anaconda.Modules.Localization[1342]: DEBUG:anaconda.modules.common:The configuration is loaded from: ['/run/anaconda/anaconda.conf']
Oct 13 20:39:40 localhost org.fedoraproject.Anaconda.Modules.Network[1339]: DEBUG:anaconda.modules.common:The configuration is loaded from: ['/run/anaconda/anaconda.conf']
Oct 13 20:39:40 localhost org.fedoraproject.Anaconda.Modules.Localization[1342]: WARNING:py.warnings:/usr/lib64/python3.6/site-packages/pyanaconda/core/util.py:33: DeprecationWarning: the imp module is deprecated in favour of importlib; see the module's documentation for alternative uses
Oct 13 20:39:40 localhost org.fedoraproject.Anaconda.Modules.Localization[1342]:  import imp
Oct 13 20:39:40 localhost org.fedoraproject.Anaconda.Modules.Network[1339]: WARNING:py.warnings:/usr/lib64/python3.6/site-packages/pyanaconda/core/util.py:33: DeprecationWarning: the imp module is deprecated in favour of importlib; see the module's documentation for alternative uses
Oct 13 20:39:40 localhost org.fedoraproject.Anaconda.Modules.Network[1339]:  import imp
Oct 13 20:39:40 localhost org.fedoraproject.Anaconda.Modules.Services[1343]: DEBUG:anaconda.modules.common:The configuration is loaded from: ['/run/anaconda/anaconda.conf']
Oct 13 20:39:40 localhost org.fedoraproject.Anaconda.Modules.Users[1345]: DEBUG:anaconda.modules.common:The configuration is loaded from: ['/run/anaconda/anaconda.conf']
Oct 13 20:39:40 localhost systemd[1]: Started Notify NFS peers of a restart.
Oct 13 20:39:40 localhost org.fedoraproject.Anaconda.Modules.Users[1345]: WARNING:py.warnings:/usr/lib64/python3.6/site-packages/pyanaconda/core/util.py:33: DeprecationWarning: the imp module is deprecated in favour of importlib; see the module's documentation for alternative uses
Oct 13 20:39:40 localhost org.fedoraproject.Anaconda.Modules.Users[1345]:  import imp
Oct 13 20:39:40 localhost org.fedoraproject.Anaconda.Modules.Services[1343]: WARNING:py.warnings:/usr/lib64/python3.6/site-packages/pyanaconda/core/util.py:33: DeprecationWarning: the imp module is deprecated in favour of importlib; see the module's documentation for alternative uses
Oct 13 20:39:40 localhost org.fedoraproject.Anaconda.Modules.Services[1343]:  import imp
Oct 13 20:39:40 localhost org.fedoraproject.Anaconda.Modules.Security[1341]: DEBUG:anaconda.modules.common:The configuration is loaded from: ['/run/anaconda/anaconda.conf']
Oct 13 20:39:40 localhost org.fedoraproject.Anaconda.Modules.Timezone[1340]: DEBUG:anaconda.modules.common:The configuration is loaded from: ['/run/anaconda/anaconda.conf']
Oct 13 20:39:40 localhost org.fedoraproject.Anaconda.Modules.Security[1341]: WARNING:py.warnings:/usr/lib64/python3.6/site-packages/pyanaconda/core/util.py:33: DeprecationWarning: the imp module is deprecated in favour of importlib; see the module's documentation for alternative uses
Oct 13 20:39:40 localhost org.fedoraproject.Anaconda.Modules.Security[1341]:  import imp
Oct 13 20:39:40 localhost org.fedoraproject.Anaconda.Modules.Timezone[1340]: WARNING:py.warnings:/usr/lib64/python3.6/site-packages/pyanaconda/core/util.py:33: DeprecationWarning: the imp module is deprecated in favour of importlib; see the module's documentation for alternative uses
Oct 13 20:39:40 localhost org.fedoraproject.Anaconda.Modules.Timezone[1340]:  import imp
Oct 13 20:39:41 localhost rsyslogd[1344]: [origin software="rsyslogd" swVersion="8.2102.0-7.an8_6.1" x-pid="1344" x-info="https://www.rsyslog.com"] start
Oct 13 20:39:41 localhost systemd[1]: Started System Logging Service.
Oct 13 20:39:41 localhost rsyslogd[1344]: imjournal: No statefile exists, /var/lib/rsyslog/imjournal.state will be created (ignore if this is first run): No such file or directory [v8.2102.0-7.an8_6.1 try https://www.rsyslog.com/e/2040 ]
Oct 13 20:39:41 localhost rsyslogd[1344]: imjournal: journal files changed, reloading...  [v8.2102.0-7.an8_6.1 try https://www.rsyslog.com/e/0 ]
Oct 13 20:39:41 localhost kdumpctl[1379]: kdump: No kdump initial ramdisk found.
Oct 13 20:39:41 localhost kdumpctl[1379]: kdump: Rebuilding /boot/initramfs-4.19.91-26.an8.x86_64kdump.img
Oct 13 20:39:41 localhost org.fedoraproject.Anaconda.Modules.Timezone[1340]: INFO:root:reading file=<gzip _io.BufferedReader name='/usr/lib/python3.6/site-packages/langtable/data/territories.xml.gz' 0x7fa30152f198>
Oct 13 20:39:41 localhost org.fedoraproject.Anaconda.Modules.Timezone[1340]: INFO:root:reading file=<gzip _io.BufferedReader name='/usr/lib/python3.6/site-packages/langtable/data/languages.xml.gz' 0x7fa301542be0>
Oct 13 20:39:41 localhost org.fedoraproject.Anaconda.Modules.Timezone[1340]: INFO:root:reading file=<gzip _io.BufferedReader name='/usr/lib/python3.6/site-packages/langtable/data/keyboards.xml.gz' 0x7fa301542c18>
Oct 13 20:39:41 localhost org.fedoraproject.Anaconda.Modules.Timezone[1340]: INFO:root:reading file=<gzip _io.BufferedReader name='/usr/lib/python3.6/site-packages/langtable/data/timezones.xml.gz' 0x7fa301542be0>
Oct 13 20:39:41 localhost org.fedoraproject.Anaconda.Modules.Timezone[1340]: INFO:root:reading file=<gzip _io.BufferedReader name='/usr/lib/python3.6/site-packages/langtable/data/timezoneidparts.xml.gz' 0x7fa301542c18>
Oct 13 20:39:42 localhost systemd[1]: Started Virtualization daemon.
Oct 13 20:39:42 localhost org.fedoraproject.Anaconda.Modules.Localization[1342]: INFO:root:reading file=<gzip _io.BufferedReader name='/usr/lib/python3.6/site-packages/langtable/data/territories.xml.gz' 0x7f0bc54f46a0>
Oct 13 20:39:42 localhost org.fedoraproject.Anaconda.Modules.Security[1341]: DEBUG:anaconda.modules.common.base.base:Publish the service.
Oct 13 20:39:42 localhost org.fedoraproject.Anaconda.Modules.Security[1341]: DEBUG:dasbus.connection:Publishing an object at /org/fedoraproject/Anaconda/Modules/Security.
Oct 13 20:39:42 localhost org.fedoraproject.Anaconda.Modules.Security[1341]: INFO:anaconda.core.dbus:Connecting to the Anaconda bus at unix:abstract=/tmp/dbus-BNDWcoPW5b,guid=95e2a0ed1f1864129fb5230d6348070b.
Oct 13 20:39:42 localhost org.fedoraproject.Anaconda.Modules.Services[1343]: DEBUG:anaconda.modules.common.base.base:Publish the service.
Oct 13 20:39:42 localhost org.fedoraproject.Anaconda.Modules.Services[1343]: DEBUG:dasbus.connection:Publishing an object at /org/fedoraproject/Anaconda/Modules/Services.
Oct 13 20:39:42 localhost org.fedoraproject.Anaconda.Modules.Services[1343]: INFO:anaconda.core.dbus:Connecting to the Anaconda bus at unix:abstract=/tmp/dbus-BNDWcoPW5b,guid=95e2a0ed1f1864129fb5230d6348070b.
Oct 13 20:39:42 localhost org.fedoraproject.Anaconda.Modules.Security[1341]: DEBUG:dasbus.connection:Registering a service name org.fedoraproject.Anaconda.Modules.Security.
Oct 13 20:39:42 localhost org.fedoraproject.Anaconda.Modules.Services[1343]: DEBUG:dasbus.connection:Registering a service name org.fedoraproject.Anaconda.Modules.Services.
Oct 13 20:39:42 localhost dbus-daemon[1299]: Successfully activated service 'org.fedoraproject.Anaconda.Modules.Security'
Oct 13 20:39:42 localhost dbus-daemon[1299]: Successfully activated service 'org.fedoraproject.Anaconda.Modules.Services'
Oct 13 20:39:42 localhost org.fedoraproject.Anaconda.Modules.Security[1341]: DEBUG:anaconda.modules.common.base.base:Start the loop.
Oct 13 20:39:42 localhost org.fedoraproject.Anaconda.Boss[1304]: DEBUG:anaconda.modules.boss.module_manager.start_modules:Service org.fedoraproject.Anaconda.Modules.Security started successfully.
Oct 13 20:39:42 localhost org.fedoraproject.Anaconda.Boss[1304]: DEBUG:anaconda.modules.boss.module_manager.start_modules:Service org.fedoraproject.Anaconda.Modules.Services started successfully.
Oct 13 20:39:42 localhost org.fedoraproject.Anaconda.Modules.Services[1343]: DEBUG:anaconda.modules.common.base.base:Start the loop.
Oct 13 20:39:42 localhost org.fedoraproject.Anaconda.Boss[1304]: DEBUG:anaconda.modules.boss.module_manager.start_modules:org.fedoraproject.Anaconda.Modules.Security is available.
Oct 13 20:39:42 localhost org.fedoraproject.Anaconda.Boss[1304]: DEBUG:anaconda.modules.boss.module_manager.start_modules:org.fedoraproject.Anaconda.Modules.Services is available.
Oct 13 20:39:42 localhost dracut[1684]: dracut-049-202.git20220511.an8_6
Oct 13 20:39:42 localhost org.fedoraproject.Anaconda.Modules.Users[1345]: DEBUG:anaconda.modules.common.base.base:Publish the service.
Oct 13 20:39:42 localhost org.fedoraproject.Anaconda.Modules.Users[1345]: DEBUG:dasbus.connection:Publishing an object at /org/fedoraproject/Anaconda/Modules/Users.
Oct 13 20:39:42 localhost org.fedoraproject.Anaconda.Modules.Users[1345]: INFO:anaconda.core.dbus:Connecting to the Anaconda bus at unix:abstract=/tmp/dbus-BNDWcoPW5b,guid=95e2a0ed1f1864129fb5230d6348070b.
Oct 13 20:39:42 localhost org.fedoraproject.Anaconda.Modules.Users[1345]: DEBUG:dasbus.connection:Registering a service name org.fedoraproject.Anaconda.Modules.Users.
Oct 13 20:39:42 localhost dbus-daemon[1299]: Successfully activated service 'org.fedoraproject.Anaconda.Modules.Users'
Oct 13 20:39:42 localhost org.fedoraproject.Anaconda.Modules.Users[1345]: DEBUG:anaconda.modules.common.base.base:Start the loop.
Oct 13 20:39:42 localhost org.fedoraproject.Anaconda.Boss[1304]: DEBUG:anaconda.modules.boss.module_manager.start_modules:Service org.fedoraproject.Anaconda.Modules.Users started successfully.
Oct 13 20:39:42 localhost org.fedoraproject.Anaconda.Boss[1304]: DEBUG:anaconda.modules.boss.module_manager.start_modules:org.fedoraproject.Anaconda.Modules.Users is available.
Oct 13 20:39:42 localhost org.fedoraproject.Anaconda.Modules.Localization[1342]: INFO:root:reading file=<gzip _io.BufferedReader name='/usr/lib/python3.6/site-packages/langtable/data/languages.xml.gz' 0x7f0bc548a128>
Oct 13 20:39:42 localhost org.fedoraproject.Anaconda.Modules.Localization[1342]: INFO:root:reading file=<gzip _io.BufferedReader name='/usr/lib/python3.6/site-packages/langtable/data/keyboards.xml.gz' 0x7f0bc548a160>
Oct 13 20:39:42 localhost org.fedoraproject.Anaconda.Modules.Localization[1342]: INFO:root:reading file=<gzip _io.BufferedReader name='/usr/lib/python3.6/site-packages/langtable/data/timezones.xml.gz' 0x7f0bc548a128>
Oct 13 20:39:42 localhost org.fedoraproject.Anaconda.Modules.Localization[1342]: INFO:root:reading file=<gzip _io.BufferedReader name='/usr/lib/python3.6/site-packages/langtable/data/timezoneidparts.xml.gz' 0x7f0bc548a160>
Oct 13 20:39:42 localhost org.fedoraproject.Anaconda.Modules.Network[1339]: INFO:dasbus.connection:Connecting to the system bus.
Oct 13 20:39:42 localhost org.fedoraproject.Anaconda.Modules.Network[1339]: DEBUG:anaconda.modules.network.network:Connected to network: True
Oct 13 20:39:42 localhost org.fedoraproject.Anaconda.Modules.Network[1339]: DEBUG:anaconda.modules.network.network:Applying boot options <pyanaconda.core.kernel.KernelArguments object at 0x7f5f165fecf8>
Oct 13 20:39:42 localhost org.fedoraproject.Anaconda.Modules.Network[1339]: DEBUG:anaconda.modules.common.base.base:Publish the service.
Oct 13 20:39:42 localhost org.fedoraproject.Anaconda.Modules.Network[1339]: DEBUG:dasbus.connection:Publishing an object at /org/fedoraproject/Anaconda/Modules/Network/Firewall.
Oct 13 20:39:42 localhost org.fedoraproject.Anaconda.Modules.Network[1339]: INFO:anaconda.core.dbus:Connecting to the Anaconda bus at unix:abstract=/tmp/dbus-BNDWcoPW5b,guid=95e2a0ed1f1864129fb5230d6348070b.
Oct 13 20:39:42 localhost org.fedoraproject.Anaconda.Modules.Network[1339]: DEBUG:dasbus.connection:Publishing an object at /org/fedoraproject/Anaconda/Modules/Network.
Oct 13 20:39:42 localhost org.fedoraproject.Anaconda.Modules.Network[1339]: DEBUG:dasbus.connection:Registering a service name org.fedoraproject.Anaconda.Modules.Network.
